Archive member included to satisfy reference by file (symbol)

app/libapp.a(main.c.obj)      (--whole-archive)
zephyr/libzephyr.a(cbprintf_packaged.c.obj)
                              (--whole-archive)
zephyr/libzephyr.a(crc32c_sw.c.obj)
                              (--whole-archive)
zephyr/libzephyr.a(crc32_sw.c.obj)
                              (--whole-archive)
zephyr/libzephyr.a(crc16_sw.c.obj)
                              (--whole-archive)
zephyr/libzephyr.a(crc8_sw.c.obj)
                              (--whole-archive)
zephyr/libzephyr.a(crc7_sw.c.obj)
                              (--whole-archive)
zephyr/libzephyr.a(dec.c.obj)
                              (--whole-archive)
zephyr/libzephyr.a(fdtable.c.obj)
                              (--whole-archive)
zephyr/libzephyr.a(hex.c.obj)
                              (--whole-archive)
zephyr/libzephyr.a(notify.c.obj)
                              (--whole-archive)
zephyr/libzephyr.a(printk.c.obj)
                              (--whole-archive)
zephyr/libzephyr.a(onoff.c.obj)
                              (--whole-archive)
zephyr/libzephyr.a(rb.c.obj)  (--whole-archive)
zephyr/libzephyr.a(sem.c.obj)
                              (--whole-archive)
zephyr/libzephyr.a(thread_entry.c.obj)
                              (--whole-archive)
zephyr/libzephyr.a(timeutil.c.obj)
                              (--whole-archive)
zephyr/libzephyr.a(heap.c.obj)
                              (--whole-archive)
zephyr/libzephyr.a(heap-validate.c.obj)
                              (--whole-archive)
zephyr/libzephyr.a(bitarray.c.obj)
                              (--whole-archive)
zephyr/libzephyr.a(multi_heap.c.obj)
                              (--whole-archive)
zephyr/libzephyr.a(cbprintf_complete.c.obj)
                              (--whole-archive)
zephyr/libzephyr.a(cbprintf.c.obj)
                              (--whole-archive)
zephyr/libzephyr.a(assert.c.obj)
                              (--whole-archive)
zephyr/libzephyr.a(reboot.c.obj)
                              (--whole-archive)
zephyr/libzephyr.a(configs.c.obj)
                              (--whole-archive)
zephyr/libzephyr.a(soc_nrf_common.S.obj)
                              (--whole-archive)
zephyr/libzephyr.a(validate_base_addresses.c.obj)
                              (--whole-archive)
zephyr/libzephyr.a(validate_enabled_instances.c.obj)
                              (--whole-archive)
zephyr/libzephyr.a(pm.c.obj)  (--whole-archive)
zephyr/libzephyr.a(policy.c.obj)
                              (--whole-archive)
zephyr/libzephyr.a(state.c.obj)
                              (--whole-archive)
zephyr/libzephyr.a(tracing_none.c.obj)
                              (--whole-archive)
zephyr/libzephyr.a(nrf_cc3xx_platform_abort_zephyr.c.obj)
                              (--whole-archive)
zephyr/libzephyr.a(nrf_cc3xx_platform_mutex_zephyr.c.obj)
                              (--whole-archive)
zephyr/arch/common/libarch__common.a(sw_isr_common.c.obj)
                              (--whole-archive)
zephyr/arch/arch/arm/core/aarch32/libarch__arm__core__aarch32.a(cpu_idle.S.obj)
                              (--whole-archive)
zephyr/arch/arch/arm/core/aarch32/libarch__arm__core__aarch32.a(fatal.c.obj)
                              (--whole-archive)
zephyr/arch/arch/arm/core/aarch32/libarch__arm__core__aarch32.a(irq_manage.c.obj)
                              (--whole-archive)
zephyr/arch/arch/arm/core/aarch32/libarch__arm__core__aarch32.a(nmi.c.obj)
                              (--whole-archive)
zephyr/arch/arch/arm/core/aarch32/libarch__arm__core__aarch32.a(nmi_on_reset.S.obj)
                              (--whole-archive)
zephyr/arch/arch/arm/core/aarch32/libarch__arm__core__aarch32.a(prep_c.c.obj)
                              (--whole-archive)
zephyr/arch/arch/arm/core/aarch32/libarch__arm__core__aarch32.a(swap.c.obj)
                              (--whole-archive)
zephyr/arch/arch/arm/core/aarch32/libarch__arm__core__aarch32.a(swap_helper.S.obj)
                              (--whole-archive)
zephyr/arch/arch/arm/core/aarch32/libarch__arm__core__aarch32.a(thread.c.obj)
                              (--whole-archive)
zephyr/arch/arch/arm/core/aarch32/libarch__arm__core__aarch32.a(isr_wrapper.S.obj)
                              (--whole-archive)
zephyr/arch/arch/arm/core/aarch32/cortex_m/libarch__arm__core__aarch32__cortex_m.a(exc_exit.S.obj)
                              (--whole-archive)
zephyr/arch/arch/arm/core/aarch32/cortex_m/libarch__arm__core__aarch32__cortex_m.a(fault.c.obj)
                              (--whole-archive)
zephyr/arch/arch/arm/core/aarch32/cortex_m/libarch__arm__core__aarch32__cortex_m.a(fault_s.S.obj)
                              (--whole-archive)
zephyr/arch/arch/arm/core/aarch32/cortex_m/libarch__arm__core__aarch32__cortex_m.a(fpu.c.obj)
                              (--whole-archive)
[...]
Memory Configuration

Name             Origin             Length             Attributes
FLASH            0x0000000000000000 0x0000000000100000 xr
SRAM             0x0000000020000000 0x0000000000040000 xw
IDT_LIST         0x00000000fffff7ff 0x0000000000000800 xw
*default*        0x0000000000000000 0xffffffffffffffff

Linker script and memory map

LOAD zephyr/CMakeFiles/zephyr_pre1.dir/misc/empty_file.c.obj
LOAD zephyr/CMakeFiles/zephyr_pre1.dir/dev_handles.c.obj
                0x0000000000000020                _region_min_align = 0x20

.rel.plt        0x0000000000000000        0x0
 *(SORT_BY_ALIGNMENT(.rel.plt))
                [!provide]                        PROVIDE (__rel_iplt_start = .)
 *(SORT_BY_ALIGNMENT(.rel.iplt))
 .rel.iplt      0x0000000000000000        0x0 app/libapp.a(main.c.obj)
                [!provide]                        PROVIDE (__rel_iplt_end = .)

.rela.plt       0x0000000000000000        0x0
 *(SORT_BY_ALIGNMENT(.rela.plt))
                [!provide]                        PROVIDE (__rela_iplt_start = .)
 *(SORT_BY_ALIGNMENT(.rela.iplt))
                [!provide]                        PROVIDE (__rela_iplt_end = .)

.rel.dyn
 *(SORT_BY_ALIGNMENT(.rel.*))

.rela.dyn
 *(SORT_BY_ALIGNMENT(.rela.*))

/DISCARD/
 *(SORT_BY_ALIGNMENT(.plt))
 *(SORT_BY_ALIGNMENT(.iplt))
 *(SORT_BY_ALIGNMENT(.got.plt))
 *(SORT_BY_ALIGNMENT(.igot.plt))
 *(SORT_BY_ALIGNMENT(.got))
 *(SORT_BY_ALIGNMENT(.igot))
 *(SORT_BY_ALIGNMENT(.note.GNU-stack))
                0x0000000000000000                __rom_region_start = 0x0

rom_start       0x0000000000000000      0x100
                0x0000000000000000                . = 0x0
                0x0000000000000000                . = ALIGN (0x4)
                0x0000000000000000                . = ALIGN (0x80)
                0x0000000000000000                . = ALIGN (0x100)
                0x0000000000000000                _vector_start = .
 *(SORT_BY_ALIGNMENT(.exc_vector_table))
 *(SORT_BY_ALIGNMENT(.exc_vector_table.*))
 .exc_vector_table._vector_table_section
                0x0000000000000000       0x40 zephyr/arch/arch/arm/core/aarch32/cortex_m/libarch__arm__core__aarch32__cortex_m.a(vector_table.S.obj)
                0x0000000000000000                _vector_table
 *(SORT_BY_ALIGNMENT(.vectors))
                0x0000000000000100                _vector_end = .
                0x0000000000000040                . = ALIGN (0x4)
 *(SORT_BY_ALIGNMENT(.gnu.linkonce.irq_vector_table*))
 .gnu.linkonce.irq_vector_table
                0x0000000000000040       0xc0 zephyr/arch/common/libisr_tables.a(isr_tables.c.obj)
                0x0000000000000040                _irq_vector_table
                0x0000000000000100                _vector_end = .

text            0x0000000000000100     0x50ac
                0x0000000000000100                __text_region_start = .
 *(SORT_BY_ALIGNMENT(.text))
 .text          0x0000000000000100       0x30 c:/ncs/toolchains/v2.1.0/opt/zephyr-sdk/arm-zephyr-eabi/bin/../lib/gcc/arm-zephyr-eabi/10.3.0/thumb/v7e-m/nofp\libgcc.a(_aeabi_uldivmod.o)
                0x0000000000000100                __aeabi_uldivmod
 .text          0x0000000000000130        0x4 c:/ncs/toolchains/v2.1.0/opt/zephyr-sdk/arm-zephyr-eabi/bin/../lib/gcc/arm-zephyr-eabi/10.3.0/thumb/v7e-m/nofp\libgcc.a(_dvmd_tls.o)
                0x0000000000000130                __aeabi_idiv0
                0x0000000000000130                __aeabi_ldiv0
 .text          0x0000000000000134      0x2a6 c:/ncs/toolchains/v2.1.0/opt/zephyr-sdk/arm-zephyr-eabi/bin/../lib/gcc/arm-zephyr-eabi/10.3.0/thumb/v7e-m/nofp\libgcc.a(_udivmoddi4.o)
                0x0000000000000134                __udivmoddi4
 *(SORT_BY_ALIGNMENT(.text.*))
 *fill*         0x00000000000003da        0x2 
 .text.main     0x00000000000003dc       0x6c app/libapp.a(main.c.obj)
                0x00000000000003dc                main
 .text.char_out
                0x0000000000000448        0xc zephyr/libzephyr.a(printk.c.obj)
 .text.__printk_hook_install
                0x0000000000000454        0xc zephyr/libzephyr.a(printk.c.obj)
                0x0000000000000454                __printk_hook_install
 .text.vprintk  0x0000000000000460       0x1c zephyr/libzephyr.a(printk.c.obj)
                0x0000000000000460                vprintk
 .text.process_event
                0x000000000000047c      0x1c0 zephyr/libzephyr.a(onoff.c.obj)
 .text.z_cbvprintf_impl
                0x000000000000063c      0x78c zephyr/libzephyr.a(cbprintf_complete.c.obj)
                0x000000000000063c                z_cbvprintf_impl
 .text.sys_reboot
                0x0000000000000dc8       0x28 zephyr/libzephyr.a(reboot.c.obj)
                0x0000000000000dc8                sys_reboot
 .text.z_arm_platform_init
                0x0000000000000df0        0x4 zephyr/libzephyr.a(soc_nrf_common.S.obj)
                0x0000000000000df0                z_arm_platform_init
 .text.pm_state_notify
                0x0000000000000df4       0x5c zephyr/libzephyr.a(pm.c.obj)
 .text.pm_system_resume
                0x0000000000000e50       0x7c zephyr/libzephyr.a(pm.c.obj)
                0x0000000000000e50                pm_system_resume
 .text.pm_system_suspend
                0x0000000000000ecc       0xf0 zephyr/libzephyr.a(pm.c.obj)
                0x0000000000000ecc                pm_system_suspend
 .text.pm_policy_next_state
                0x0000000000000fbc       0x90 zephyr/libzephyr.a(policy.c.obj)
                0x0000000000000fbc                pm_policy_next_state
 .text.pm_state_cpu_get_all
                0x000000000000104c       0x10 zephyr/libzephyr.a(state.c.obj)
                0x000000000000104c                pm_state_cpu_get_all
 .text.nrf_cc3xx_platform_abort_init
                0x000000000000105c        0xc zephyr/libzephyr.a(nrf_cc3xx_platform_abort_zephyr.c.obj)
                0x000000000000105c                nrf_cc3xx_platform_abort_init
 .text.mutex_free_platform
                0x0000000000001068       0x48 zephyr/libzephyr.a(nrf_cc3xx_platform_mutex_zephyr.c.obj)
 .text.mutex_lock_platform
                0x00000000000010b0       0x58 zephyr/libzephyr.a(nrf_cc3xx_platform_mutex_zephyr.c.obj)
 .text.mutex_unlock_platform
                0x0000000000001108       0x4c zephyr/libzephyr.a(nrf_cc3xx_platform_mutex_zephyr.c.obj)
 .text.mutex_init_platform
                0x0000000000001154       0x70 zephyr/libzephyr.a(nrf_cc3xx_platform_mutex_zephyr.c.obj)
 .text.nrf_cc3xx_platform_mutex_init
                0x00000000000011c4       0x2c zephyr/libzephyr.a(nrf_cc3xx_platform_mutex_zephyr.c.obj)
                0x00000000000011c4                nrf_cc3xx_platform_mutex_init
 .text.z_arm_cpu_idle_init
                0x00000000000011f0        0xc zephyr/arch/arch/arm/core/aarch32/libarch__arm__core__aarch32.a(cpu_idle.S.obj)
                0x00000000000011f0                z_arm_cpu_idle_init
 .text.arch_cpu_idle
                0x00000000000011fc       0x1c zephyr/arch/arch/arm/core/aarch32/libarch__arm__core__aarch32.a(cpu_idle.S.obj)
                0x00000000000011fc                arch_cpu_idle
 .text.arch_cpu_atomic_idle
                0x0000000000001218       0x14 zephyr/arch/arch/arm/core/aarch32/libarch__arm__core__aarch32.a(cpu_idle.S.obj)
                0x0000000000001218                arch_cpu_atomic_idle
 .text.arch_irq_enable
                0x000000000000122c       0x20 zephyr/arch/arch/arm/core/aarch32/libarch__arm__core__aarch32.a(irq_manage.c.obj)
                0x000000000000122c                arch_irq_enable
 .text.arch_irq_is_enabled
                0x000000000000124c       0x1c zephyr/arch/arch/arm/core/aarch32/libarch__arm__core__aarch32.a(irq_manage.c.obj)
                0x000000000000124c                arch_irq_is_enabled
 .text.z_arm_irq_priority_set
                0x0000000000001268       0x30 zephyr/arch/arch/arm/core/aarch32/libarch__arm__core__aarch32.a(irq_manage.c.obj)
                0x0000000000001268                z_arm_irq_priority_set
 .text.z_SysNmiOnReset
                0x0000000000001298        0x8 zephyr/arch/arch/arm/core/aarch32/libarch__arm__core__aarch32.a(nmi_on_reset.S.obj)
                0x0000000000001298                z_SysNmiOnReset
 .text.z_arm_prep_c
                0x00000000000012a0       0x38 zephyr/arch/arch/arm/core/aarch32/libarch__arm__core__aarch32.a(prep_c.c.obj)
                0x00000000000012a0                z_arm_prep_c
 .text.arch_swap
                0x00000000000012d8       0x34 zephyr/arch/arch/arm/core/aarch32/libarch__arm__core__aarch32.a(swap.c.obj)
                0x00000000000012d8                arch_swap
 .text.z_arm_pendsv
                0x000000000000130c       0x54 zephyr/arch/arch/arm/core/aarch32/libarch__arm__core__aarch32.a(swap_helper.S.obj)
                0x000000000000130c                z_arm_pendsv
 .text.z_arm_svc
                0x0000000000001360       0x20 zephyr/arch/arch/arm/core/aarch32/libarch__arm__core__aarch32.a(swap_helper.S.obj)
                0x0000000000001360                z_arm_svc
 .text.arch_new_thread
                0x0000000000001380       0x38 zephyr/arch/arch/arm/core/aarch32/libarch__arm__core__aarch32.a(thread.c.obj)
                0x0000000000001380                arch_new_thread
 .text.z_check_thread_stack_fail
                0x00000000000013b8       0x2c zephyr/arch/arch/arm/core/aarch32/libarch__arm__core__aarch32.a(thread.c.obj)
                0x00000000000013b8                z_check_thread_stack_fail
 .text.arch_switch_to_main_thread
                0x00000000000013e4       0x2c zephyr/arch/arch/arm/core/aarch32/libarch__arm__core__aarch32.a(thread.c.obj)
                0x00000000000013e4                arch_switch_to_main_thread
 .text._isr_wrapper
                0x0000000000001410       0x40 zephyr/arch/arch/arm/core/aarch32/libarch__arm__core__aarch32.a(isr_wrapper.S.obj)
                0x0000000000001410                _isr_wrapper
 .text._HandlerModeExit
                0x0000000000001450       0x1c zephyr/arch/arch/arm/core/aarch32/cortex_m/libarch__arm__core__aarch32__cortex_m.a(exc_exit.S.obj)
                0x0000000000001450                z_arm_int_exit
                0x0000000000001450                z_arm_exc_exit
 .text.mem_manage_fault
                0x000000000000146c       0x78 zephyr/arch/arch/arm/core/aarch32/cortex_m/libarch__arm__core__aarch32__cortex_m.a(fault.c.obj)
 .text.bus_fault.constprop.0
                0x00000000000014e4       0x3c zephyr/arch/arch/arm/core/aarch32/cortex_m/libarch__arm__core__aarch32__cortex_m.a(fault.c.obj)
 .text.z_arm_fault
                0x0000000000001520      0x128 zephyr/arch/arch/arm/core/aarch32/cortex_m/libarch__arm__core__aarch32__cortex_m.a(fault.c.obj)
                0x0000000000001520                z_arm_fault
 .text.z_arm_fault_init
                0x0000000000001648       0x10 zephyr/arch/arch/arm/core/aarch32/cortex_m/libarch__arm__core__aarch32__cortex_m.a(fault.c.obj)
                0x0000000000001648                z_arm_fault_init
 .text.__fault  0x0000000000001658       0x14 zephyr/arch/arch/arm/core/aarch32/cortex_m/libarch__arm__core__aarch32__cortex_m.a(fault_s.S.obj)
                0x0000000000001658                z_arm_usage_fault
                0x0000000000001658                z_arm_mpu_fault
                0x0000000000001658                z_arm_exc_spurious
                0x0000000000001658                z_arm_debug_monitor
                0x0000000000001658                z_arm_hard_fault
                0x0000000000001658                z_arm_bus_fault
 .text.z_arm_interrupt_init
                0x000000000000166c       0x18 zephyr/arch/arch/arm/core/aarch32/cortex_m/libarch__arm__core__aarch32__cortex_m.a(irq_init.c.obj)
                0x000000000000166c                z_arm_interrupt_init
 .text._reset_section
                0x0000000000001684       0x54 zephyr/arch/arch/arm/core/aarch32/cortex_m/libarch__arm__core__aarch32__cortex_m.a(reset.S.obj)
                0x0000000000001684                __start
                0x0000000000001684                z_arm_reset
 .text.z_arm_clear_arm_mpu_config
                0x00000000000016d8       0x24 zephyr/arch/arch/arm/core/aarch32/cortex_m/libarch__arm__core__aarch32__cortex_m.a(scb.c.obj)
                0x00000000000016d8                z_arm_clear_arm_mpu_config
 .text.z_arm_init_arch_hw_at_boot
                0x00000000000016fc       0x64 zephyr/arch/arch/arm/core/aarch32/cortex_m/libarch__arm__core__aarch32__cortex_m.a(scb.c.obj)
                0x00000000000016fc                z_arm_init_arch_hw_at_boot
 .text.z_impl_k_thread_abort
                0x0000000000001760       0x2c zephyr/arch/arch/arm/core/aarch32/cortex_m/libarch__arm__core__aarch32__cortex_m.a(thread_abort.c.obj)
                0x0000000000001760                z_impl_k_thread_abort
 .text.z_arm_configure_static_mpu_regions
                0x000000000000178c       0x18 zephyr/arch/arch/arm/core/aarch32/mpu/libarch__arm__core__aarch32__mpu.a(arm_core_mpu.c.obj)
                0x000000000000178c                z_arm_configure_static_mpu_regions
 .text.z_arm_configure_dynamic_mpu_regions
                0x00000000000017a4       0x20 zephyr/arch/arch/arm/core/aarch32/mpu/libarch__arm__core__aarch32__mpu.a(arm_core_mpu.c.obj)
                0x00000000000017a4                z_arm_configure_dynamic_mpu_regions
 .text.mpu_configure_regions
                0x00000000000017c4       0x84 zephyr/arch/arch/arm/core/aarch32/mpu/libarch__arm__core__aarch32__mpu.a(arm_mpu.c.obj)
 .text.arm_core_mpu_enable
                0x0000000000001848       0x18 zephyr/arch/arch/arm/core/aarch32/mpu/libarch__arm__core__aarch32__mpu.a(arm_mpu.c.obj)
                0x0000000000001848                arm_core_mpu_enable
 .text.arm_core_mpu_disable
                0x0000000000001860       0x14 zephyr/arch/arch/arm/core/aarch32/mpu/libarch__arm__core__aarch32__mpu.a(arm_mpu.c.obj)
                0x0000000000001860                arm_core_mpu_disable
 .text.arm_core_mpu_configure_static_mpu_regions
                0x0000000000001874       0x14 zephyr/arch/arch/arm/core/aarch32/mpu/libarch__arm__core__aarch32__mpu.a(arm_mpu.c.obj)
                0x0000000000001874                arm_core_mpu_configure_static_mpu_regions
 .text.arm_core_mpu_configure_dynamic_mpu_regions
                0x0000000000001888       0x30 zephyr/arch/arch/arm/core/aarch32/mpu/libarch__arm__core__aarch32__mpu.a(arm_mpu.c.obj)
                0x0000000000001888                arm_core_mpu_configure_dynamic_mpu_regions
 .text.z_arm_mpu_init
                0x00000000000018b8       0x60 zephyr/arch/arch/arm/core/aarch32/mpu/libarch__arm__core__aarch32__mpu.a(arm_mpu.c.obj)
                0x00000000000018b8                z_arm_mpu_init
 .text.__stdout_hook_install
                0x0000000000001918        0xc zephyr/lib/libc/minimal/liblib__libc__minimal.a(stdout_console.c.obj)
                0x0000000000001918                __stdout_hook_install
 .text.nordicsemi_nrf52_init
                0x0000000000001924       0x60 zephyr/soc/arm/nordic_nrf/nrf52/libsoc__arm__nordic_nrf__nrf52.a(soc.c.obj)
 .text.sys_arch_reboot
                0x0000000000001984       0x2c zephyr/soc/arm/nordic_nrf/nrf52/libsoc__arm__nordic_nrf__nrf52.a(soc.c.obj)
                0x0000000000001984                sys_arch_reboot
 .text.arch_busy_wait
                0x00000000000019b0       0x14 zephyr/soc/arm/nordic_nrf/nrf52/libsoc__arm__nordic_nrf__nrf52.a(soc.c.obj)
                0x00000000000019b0                arch_busy_wait
 .text.onoff_stop
                0x00000000000019c4       0x30 zephyr/drivers/clock_control/libdrivers__clock_control.a(clock_control_nrf.c.obj)
 .text.onoff_start
                0x00000000000019f4       0x44 zephyr/drivers/clock_control/libdrivers__clock_control.a(clock_control_nrf.c.obj)
 .text.clk_init
                0x0000000000001a38       0x58 zephyr/drivers/clock_control/libdrivers__clock_control.a(clock_control_nrf.c.obj)
 .text.clkstarted_handle.constprop.0
                0x0000000000001a90       0x34 zephyr/drivers/clock_control/libdrivers__clock_control.a(clock_control_nrf.c.obj)
 .text.clock_event_handler
                0x0000000000001ac4       0x1c zephyr/drivers/clock_control/libdrivers__clock_control.a(clock_control_nrf.c.obj)
 .text.generic_hfclk_start
                0x0000000000001ae0       0x64 zephyr/drivers/clock_control/libdrivers__clock_control.a(clock_control_nrf.c.obj)
 .text.api_blocking_start
                0x0000000000001b44       0x34 zephyr/drivers/clock_control/libdrivers__clock_control.a(clock_control_nrf.c.obj)
 .text.generic_hfclk_stop
                0x0000000000001b78       0x2c zephyr/drivers/clock_control/libdrivers__clock_control.a(clock_control_nrf.c.obj)
 .text.z_nrf_clock_control_lf_on
                0x0000000000001ba4      0x100 zephyr/drivers/clock_control/libdrivers__clock_control.a(clock_control_nrf.c.obj)
                0x0000000000001ba4                z_nrf_clock_control_lf_on
 .text.uart_console_init
                0x0000000000001ca4       0x30 zephyr/drivers/console/libdrivers__console.a(uart_console.c.obj)
 .text.console_out
                0x0000000000001cd4       0x28 zephyr/drivers/console/libdrivers__console.a(uart_console.c.obj)
 .text.gpio_nrfx_pin_interrupt_configure
                0x0000000000001cfc       0xd4 zephyr/drivers/gpio/libdrivers__gpio.a(gpio_nrfx.c.obj)
 .text.gpio_nrfx_init
                0x0000000000001dd0       0x38 zephyr/drivers/gpio/libdrivers__gpio.a(gpio_nrfx.c.obj)
 .text.nrfx_gpio_handler
                0x0000000000001e08       0x44 zephyr/drivers/gpio/libdrivers__gpio.a(gpio_nrfx.c.obj)
 .text.gpio_nrfx_pin_configure
                0x0000000000001e4c      0x144 zephyr/drivers/gpio/libdrivers__gpio.a(gpio_nrfx.c.obj)
 .text.uarte_nrfx_configure
                0x0000000000001f90      0x164 zephyr/drivers/serial/libdrivers__serial.a(uart_nrfx_uarte.c.obj)
 .text.uarte_instance_init.constprop.0
                0x00000000000020f4       0xec zephyr/drivers/serial/libdrivers__serial.a(uart_nrfx_uarte.c.obj)
 .text.uarte_nrfx_poll_out
                0x00000000000021e0       0xc8 zephyr/drivers/serial/libdrivers__serial.a(uart_nrfx_uarte.c.obj)
 .text.compare_int_lock
                0x00000000000022a8       0x50 zephyr/drivers/timer/libdrivers__timer.a(nrf_rtc_timer.c.obj)
 .text.sys_clock_timeout_handler
                0x00000000000022f8       0x78 zephyr/drivers/timer/libdrivers__timer.a(nrf_rtc_timer.c.obj)
 .text.compare_int_unlock
                0x0000000000002370       0x5c zephyr/drivers/timer/libdrivers__timer.a(nrf_rtc_timer.c.obj)
 .text.z_nrf_rtc_timer_read
                0x00000000000023cc       0x44 zephyr/drivers/timer/libdrivers__timer.a(nrf_rtc_timer.c.obj)
                0x00000000000023cc                z_nrf_rtc_timer_read
 .text.compare_set
                0x0000000000002410      0x148 zephyr/drivers/timer/libdrivers__timer.a(nrf_rtc_timer.c.obj)
 .text.sys_clock_driver_init
                0x0000000000002558       0x80 zephyr/drivers/timer/libdrivers__timer.a(nrf_rtc_timer.c.obj)
 .text.rtc_nrf_isr
                0x00000000000025d8       0xec zephyr/drivers/timer/libdrivers__timer.a(nrf_rtc_timer.c.obj)
                0x00000000000025d8                rtc_nrf_isr
 .text.sys_clock_set_timeout
                0x00000000000026c4       0x64 zephyr/drivers/timer/libdrivers__timer.a(nrf_rtc_timer.c.obj)
                0x00000000000026c4                sys_clock_set_timeout
 .text.sys_clock_elapsed
                0x0000000000002728       0x14 zephyr/drivers/timer/libdrivers__timer.a(nrf_rtc_timer.c.obj)
                0x0000000000002728                sys_clock_elapsed
 .text.nrf_gpio_pin_clear
                0x000000000000273c       0x20 zephyr/drivers/pinctrl/libdrivers__pinctrl.a(pinctrl_nrf.c.obj)
 .text.nrf_pin_configure
                0x000000000000275c       0x44 zephyr/drivers/pinctrl/libdrivers__pinctrl.a(pinctrl_nrf.c.obj)
 .text.nrf_gpio_pin_set
                0x00000000000027a0       0x20 zephyr/drivers/pinctrl/libdrivers__pinctrl.a(pinctrl_nrf.c.obj)
 .text.nrf52_errata_98
                0x00000000000027c0       0x24 modules/hal_nordic/nrfx/libmodules__hal_nordic__nrfx.a(system_nrf52840.c.obj)
 .text.nvmc_wait
                0x00000000000027e4       0x10 modules/hal_nordic/nrfx/libmodules__hal_nordic__nrfx.a(system_nrf52840.c.obj)
                0x00000000000027e4                nvmc_wait
 .text.SystemInit
                0x00000000000027f4      0x1d4 modules/hal_nordic/nrfx/libmodules__hal_nordic__nrfx.a(system_nrf52840.c.obj)
                0x00000000000027f4                SystemInit
 .text.nrfx_flag32_alloc
                0x00000000000029c8       0x4c modules/hal_nordic/nrfx/libmodules__hal_nordic__nrfx.a(nrfx_flag32_allocator.c.obj)
                0x00000000000029c8                nrfx_flag32_alloc
 .text.nrfx_flag32_free
                0x0000000000002a14       0x44 modules/hal_nordic/nrfx/libmodules__hal_nordic__nrfx.a(nrfx_flag32_allocator.c.obj)
                0x0000000000002a14                nrfx_flag32_free
 .text.clock_stop
                0x0000000000002a58       0xa8 modules/hal_nordic/nrfx/libmodules__hal_nordic__nrfx.a(nrfx_clock.c.obj)
 .text.nrfx_clock_init
                0x0000000000002b00       0x20 modules/hal_nordic/nrfx/libmodules__hal_nordic__nrfx.a(nrfx_clock.c.obj)
                0x0000000000002b00                nrfx_clock_init
 .text.nrfx_power_clock_irq_handler
                0x0000000000002b20       0x68 modules/hal_nordic/nrfx/libmodules__hal_nordic__nrfx.a(nrfx_clock.c.obj)
                0x0000000000002b20                nrfx_power_clock_irq_handler
 .text.nrf_gpio_pin_port_decode
                0x0000000000002b88       0x1c modules/hal_nordic/nrfx/libmodules__hal_nordic__nrfx.a(nrfx_gpiote.c.obj)
 .text.pin_in_use_by_te
                0x0000000000002ba4       0x14 modules/hal_nordic/nrfx/libmodules__hal_nordic__nrfx.a(nrfx_gpiote.c.obj)
 .text.call_handler
                0x0000000000002bb8       0x3c modules/hal_nordic/nrfx/libmodules__hal_nordic__nrfx.a(nrfx_gpiote.c.obj)
 .text.release_handler
                0x0000000000002bf4       0x54 modules/hal_nordic/nrfx/libmodules__hal_nordic__nrfx.a(nrfx_gpiote.c.obj)
 .text.pin_handler_trigger_uninit
                0x0000000000002c48       0x38 modules/hal_nordic/nrfx/libmodules__hal_nordic__nrfx.a(nrfx_gpiote.c.obj)
 .text.nrfx_gpiote_input_configure
                0x0000000000002c80      0x15c modules/hal_nordic/nrfx/libmodules__hal_nordic__nrfx.a(nrfx_gpiote.c.obj)
                0x0000000000002c80                nrfx_gpiote_input_configure
 .text.nrfx_gpiote_output_configure
                0x0000000000002ddc       0xe4 modules/hal_nordic/nrfx/libmodules__hal_nordic__nrfx.a(nrfx_gpiote.c.obj)
                0x0000000000002ddc                nrfx_gpiote_output_configure
 .text.nrfx_gpiote_global_callback_set
                0x0000000000002ec0        0xc modules/hal_nordic/nrfx/libmodules__hal_nordic__nrfx.a(nrfx_gpiote.c.obj)
                0x0000000000002ec0                nrfx_gpiote_global_callback_set
 .text.nrfx_gpiote_channel_get
                0x0000000000002ecc       0x2c modules/hal_nordic/nrfx/libmodules__hal_nordic__nrfx.a(nrfx_gpiote.c.obj)
                0x0000000000002ecc                nrfx_gpiote_channel_get
 .text.nrfx_gpiote_init
                0x0000000000002ef8       0x50 modules/hal_nordic/nrfx/libmodules__hal_nordic__nrfx.a(nrfx_gpiote.c.obj)
                0x0000000000002ef8                nrfx_gpiote_init
 .text.nrfx_gpiote_is_init
                0x0000000000002f48       0x14 modules/hal_nordic/nrfx/libmodules__hal_nordic__nrfx.a(nrfx_gpiote.c.obj)
                0x0000000000002f48                nrfx_gpiote_is_init
 .text.nrfx_gpiote_channel_free
                0x0000000000002f5c        0xc modules/hal_nordic/nrfx/libmodules__hal_nordic__nrfx.a(nrfx_gpiote.c.obj)
                0x0000000000002f5c                nrfx_gpiote_channel_free
 .text.nrfx_gpiote_channel_alloc
                0x0000000000002f68        0xc modules/hal_nordic/nrfx/libmodules__hal_nordic__nrfx.a(nrfx_gpiote.c.obj)
                0x0000000000002f68                nrfx_gpiote_channel_alloc
 .text.nrfx_gpiote_trigger_enable
                0x0000000000002f74       0x90 modules/hal_nordic/nrfx/libmodules__hal_nordic__nrfx.a(nrfx_gpiote.c.obj)
                0x0000000000002f74                nrfx_gpiote_trigger_enable
 .text.nrfx_gpiote_trigger_disable
                0x0000000000003004       0x50 modules/hal_nordic/nrfx/libmodules__hal_nordic__nrfx.a(nrfx_gpiote.c.obj)
                0x0000000000003004                nrfx_gpiote_trigger_disable
 .text.nrfx_gpiote_pin_uninit
                0x0000000000003054       0x48 modules/hal_nordic/nrfx/libmodules__hal_nordic__nrfx.a(nrfx_gpiote.c.obj)
                0x0000000000003054                nrfx_gpiote_pin_uninit
 .text.nrfx_gpiote_irq_handler
                0x000000000000309c      0x1ac modules/hal_nordic/nrfx/libmodules__hal_nordic__nrfx.a(nrfx_gpiote.c.obj)
                0x000000000000309c                nrfx_gpiote_irq_handler
 .text.nrfx_ppi_channel_alloc
                0x0000000000003248        0xc modules/hal_nordic/nrfx/libmodules__hal_nordic__nrfx.a(nrfx_ppi.c.obj)
                0x0000000000003248                nrfx_ppi_channel_alloc
 .text._DoInit  0x0000000000003254       0x6c modules/segger/libmodules__segger.a(SEGGER_RTT.c.obj)
 .text.z_sys_init_run_level
                0x00000000000032c0       0x40 zephyr/kernel/libkernel.a(device.c.obj)
                0x00000000000032c0                z_sys_init_run_level
 .text.bg_thread_main
                0x0000000000003300       0x34 zephyr/kernel/libkernel.a(init.c.obj)
 .text.z_bss_zero
                0x0000000000003334       0x18 zephyr/kernel/libkernel.a(init.c.obj)
                0x0000000000003334                z_bss_zero
 .text.z_init_cpu
                0x000000000000334c       0x70 zephyr/kernel/libkernel.a(init.c.obj)
                0x000000000000334c                z_init_cpu
 .text.z_cstart
                0x00000000000033bc       0xd4 zephyr/kernel/libkernel.a(init.c.obj)
                0x00000000000033bc                z_cstart
 .text.init_mem_slab_module
                0x0000000000003490       0x44 zephyr/kernel/libkernel.a(mem_slab.c.obj)
 .text.k_mem_slab_alloc
                0x00000000000034d4       0x5c zephyr/kernel/libkernel.a(mem_slab.c.obj)
                0x00000000000034d4                k_mem_slab_alloc
 .text.z_setup_new_thread
                0x0000000000003530       0x64 zephyr/kernel/libkernel.a(thread.c.obj)
                0x0000000000003530                z_setup_new_thread
 .text.z_init_static_threads
                0x0000000000003594       0xb8 zephyr/kernel/libkernel.a(thread.c.obj)
                0x0000000000003594                z_init_static_threads
 .text.idle     0x000000000000364c       0x38 zephyr/kernel/libkernel.a(idle.c.obj)
                0x000000000000364c                idle
 .text.z_impl_k_mutex_lock
                0x0000000000003684       0xf0 zephyr/kernel/libkernel.a(mutex.c.obj)
                0x0000000000003684                z_impl_k_mutex_lock
 .text.z_impl_k_mutex_unlock
                0x0000000000003774       0x78 zephyr/kernel/libkernel.a(mutex.c.obj)
                0x0000000000003774                z_impl_k_mutex_unlock
 .text.z_impl_k_sem_give
                0x00000000000037ec       0x40 zephyr/kernel/libkernel.a(sem.c.obj)
                0x00000000000037ec                z_impl_k_sem_give
 .text.z_impl_k_sem_take
                0x000000000000382c       0x50 zephyr/kernel/libkernel.a(sem.c.obj)
                0x000000000000382c                z_impl_k_sem_take
 .text.z_reset_time_slice
                0x000000000000387c       0x28 zephyr/kernel/libkernel.a(sched.c.obj)
                0x000000000000387c                z_reset_time_slice
 .text.k_sched_time_slice_set
                0x00000000000038a4       0x64 zephyr/kernel/libkernel.a(sched.c.obj)
                0x00000000000038a4                k_sched_time_slice_set
 .text.z_reschedule
                0x0000000000003908       0x24 zephyr/kernel/libkernel.a(sched.c.obj)
                0x0000000000003908                z_reschedule
 .text.k_sched_lock
                0x000000000000392c       0x28 zephyr/kernel/libkernel.a(sched.c.obj)
                0x000000000000392c                k_sched_lock
 .text.update_cache
                0x0000000000003954       0x40 zephyr/kernel/libkernel.a(sched.c.obj)
 .text.move_thread_to_end_of_prio_q
                0x0000000000003994       0x74 zephyr/kernel/libkernel.a(sched.c.obj)
 .text.z_time_slice
                0x0000000000003a08       0x84 zephyr/kernel/libkernel.a(sched.c.obj)
                0x0000000000003a08                z_time_slice
 .text.ready_thread
                0x0000000000003a8c       0x6c zephyr/kernel/libkernel.a(sched.c.obj)
 .text.z_sched_start
                0x0000000000003af8       0x3c zephyr/kernel/libkernel.a(sched.c.obj)
                0x0000000000003af8                z_sched_start
 .text.unready_thread
                0x0000000000003b34       0x30 zephyr/kernel/libkernel.a(sched.c.obj)
 .text.pend     0x0000000000003b64       0x4c zephyr/kernel/libkernel.a(sched.c.obj)
 .text.z_pend_curr
                0x0000000000003bb0       0x28 zephyr/kernel/libkernel.a(sched.c.obj)
                0x0000000000003bb0                z_pend_curr
 .text.z_set_prio
                0x0000000000003bd8       0x90 zephyr/kernel/libkernel.a(sched.c.obj)
                0x0000000000003bd8                z_set_prio
 .text.z_impl_k_thread_suspend
                0x0000000000003c68       0x64 zephyr/kernel/libkernel.a(sched.c.obj)
                0x0000000000003c68                z_impl_k_thread_suspend
 .text.k_sched_unlock
                0x0000000000003ccc       0x38 zephyr/kernel/libkernel.a(sched.c.obj)
                0x0000000000003ccc                k_sched_unlock
 .text.z_sched_init
                0x0000000000003d04       0x18 zephyr/kernel/libkernel.a(sched.c.obj)
                0x0000000000003d04                z_sched_init
 .text.z_impl_k_yield
                0x0000000000003d1c       0x80 zephyr/kernel/libkernel.a(sched.c.obj)
                0x0000000000003d1c                z_impl_k_yield
 .text.z_tick_sleep
                0x0000000000003d9c       0x90 zephyr/kernel/libkernel.a(sched.c.obj)
 .text.z_impl_k_sleep
                0x0000000000003e2c       0x34 zephyr/kernel/libkernel.a(sched.c.obj)
                0x0000000000003e2c                z_impl_k_sleep
 .text.z_impl_z_current_get
                0x0000000000003e60        0xc zephyr/kernel/libkernel.a(sched.c.obj)
                0x0000000000003e60                z_impl_z_current_get
 .text.z_thread_abort
                0x0000000000003e6c       0xc0 zephyr/kernel/libkernel.a(sched.c.obj)
                0x0000000000003e6c                z_thread_abort
 .text.z_data_copy
                0x0000000000003f2c       0x34 zephyr/kernel/libkernel.a(xip.c.obj)
                0x0000000000003f2c                z_data_copy
 .text.elapsed  0x0000000000003f60       0x14 zephyr/kernel/libkernel.a(timeout.c.obj)
 .text.next_timeout
                0x0000000000003f74       0x4c zephyr/kernel/libkernel.a(timeout.c.obj)
 .text.remove_timeout
                0x0000000000003fc0       0x34 zephyr/kernel/libkernel.a(timeout.c.obj)
 .text.z_add_timeout
                0x0000000000003ff4       0xf4 zephyr/kernel/libkernel.a(timeout.c.obj)
                0x0000000000003ff4                z_add_timeout
 .text.sys_clock_announce
                0x00000000000040e8       0xb8 zephyr/kernel/libkernel.a(timeout.c.obj)
                0x00000000000040e8                sys_clock_announce
 .text.sys_clock_tick_get
                0x00000000000041a0       0x34 zephyr/kernel/libkernel.a(timeout.c.obj)
                0x00000000000041a0                sys_clock_tick_get
 .text.boot_banner
                0x00000000000041d4       0x18 zephyr/kernel/libkernel.a(banner.c.obj)
                0x00000000000041d4                boot_banner
 .text.nrf_cc3xx_platform_init_no_rng
                0x00000000000041ec       0x38 C:/ncs/v2.1.0/nrfxlib/crypto/nrf_cc310_platform/lib/cortex-m4/soft-float/no-interrupts/libnrf_cc310_platform_0.9.15.a(nrf_cc3xx_platform.c.obj)
                0x00000000000041ec                nrf_cc3xx_platform_init_no_rng
 .text.nrf_cc3xx_platform_abort
                0x0000000000004224       0x24 C:/ncs/v2.1.0/nrfxlib/crypto/nrf_cc310_platform/lib/cortex-m4/soft-float/no-interrupts/libnrf_cc310_platform_0.9.15.a(nrf_cc3xx_platform_abort.c.obj)
 .text.CC_PalAbort
                0x0000000000004248       0x34 C:/ncs/v2.1.0/nrfxlib/crypto/nrf_cc310_platform/lib/cortex-m4/soft-float/no-interrupts/libnrf_cc310_platform_0.9.15.a(nrf_cc3xx_platform_abort.c.obj)
                0x0000000000004248                CC_PalAbort
 .text.nrf_cc3xx_platform_set_abort
                0x000000000000427c       0x10 C:/ncs/v2.1.0/nrfxlib/crypto/nrf_cc310_platform/lib/cortex-m4/soft-float/no-interrupts/libnrf_cc310_platform_0.9.15.a(nrf_cc3xx_platform_abort.c.obj)
                0x000000000000427c                nrf_cc3xx_platform_set_abort
 .text.mutex_free
                0x000000000000428c       0x28 C:/ncs/v2.1.0/nrfxlib/crypto/nrf_cc310_platform/lib/cortex-m4/soft-float/no-interrupts/libnrf_cc310_platform_0.9.15.a(nrf_cc3xx_platform_mutex.c.obj)
 .text.mutex_lock
                0x00000000000042b4       0x40 C:/ncs/v2.1.0/nrfxlib/crypto/nrf_cc310_platform/lib/cortex-m4/soft-float/no-interrupts/libnrf_cc310_platform_0.9.15.a(nrf_cc3xx_platform_mutex.c.obj)
 .text.mutex_unlock
                0x00000000000042f4       0x2c C:/ncs/v2.1.0/nrfxlib/crypto/nrf_cc310_platform/lib/cortex-m4/soft-float/no-interrupts/libnrf_cc310_platform_0.9.15.a(nrf_cc3xx_platform_mutex.c.obj)
 .text.mutex_init
                0x0000000000004320       0x1c C:/ncs/v2.1.0/nrfxlib/crypto/nrf_cc310_platform/lib/cortex-m4/soft-float/no-interrupts/libnrf_cc310_platform_0.9.15.a(nrf_cc3xx_platform_mutex.c.obj)
 .text.nrf_cc3xx_platform_set_mutexes
                0x000000000000433c       0x60 C:/ncs/v2.1.0/nrfxlib/crypto/nrf_cc310_platform/lib/cortex-m4/soft-float/no-interrupts/libnrf_cc310_platform_0.9.15.a(nrf_cc3xx_platform_mutex.c.obj)
                0x000000000000433c                nrf_cc3xx_platform_set_mutexes
 .text.CC_LibInitNoRng
                0x000000000000439c       0x64 C:/ncs/v2.1.0/nrfxlib/crypto/nrf_cc310_platform/lib/cortex-m4/soft-float/no-interrupts/libnrf_cc310_platform_0.9.15.a(cc_lib.c.obj)
                0x000000000000439c                CC_LibInitNoRng
 .text.CC_HalInit
                0x0000000000004400        0x4 C:/ncs/v2.1.0/nrfxlib/crypto/nrf_cc310_platform/lib/cortex-m4/soft-float/no-interrupts/libnrf_cc310_platform_0.9.15.a(cc_hal.c.obj)
                0x0000000000004400                CC_HalInit
 .text.CC_HalTerminate
                0x0000000000004404        0x4 C:/ncs/v2.1.0/nrfxlib/crypto/nrf_cc310_platform/lib/cortex-m4/soft-float/no-interrupts/libnrf_cc310_platform_0.9.15.a(cc_hal.c.obj)
                0x0000000000004404                CC_HalTerminate
 .text.CC_HalMaskInterrupt
                0x0000000000004408        0xc C:/ncs/v2.1.0/nrfxlib/crypto/nrf_cc310_platform/lib/cortex-m4/soft-float/no-interrupts/libnrf_cc310_platform_0.9.15.a(cc_hal.c.obj)
                0x0000000000004408                CC_HalMaskInterrupt
 .text.CC_PalInit
                0x0000000000004414       0x5c C:/ncs/v2.1.0/nrfxlib/crypto/nrf_cc310_platform/lib/cortex-m4/soft-float/no-interrupts/libnrf_cc310_platform_0.9.15.a(cc_pal.c.obj)
                0x0000000000004414                CC_PalInit
 .text.CC_PalTerminate
                0x0000000000004470       0x34 C:/ncs/v2.1.0/nrfxlib/crypto/nrf_cc310_platform/lib/cortex-m4/soft-float/no-interrupts/libnrf_cc310_platform_0.9.15.a(cc_pal.c.obj)
                0x0000000000004470                CC_PalTerminate
 .text.CC_PalDmaInit
                0x00000000000044a4        0x4 C:/ncs/v2.1.0/nrfxlib/crypto/nrf_cc310_platform/lib/cortex-m4/soft-float/no-interrupts/libnrf_cc310_platform_0.9.15.a(cc_pal_dma.c.obj)
                0x00000000000044a4                CC_PalDmaInit
 .text.CC_PalDmaTerminate
                0x00000000000044a8        0x4 C:/ncs/v2.1.0/nrfxlib/crypto/nrf_cc310_platform/lib/cortex-m4/soft-float/no-interrupts/libnrf_cc310_platform_0.9.15.a(cc_pal_dma.c.obj)
                0x00000000000044a8                CC_PalDmaTerminate
 .text.CC_PalMutexCreate
                0x00000000000044ac       0x14 C:/ncs/v2.1.0/nrfxlib/crypto/nrf_cc310_platform/lib/cortex-m4/soft-float/no-interrupts/libnrf_cc310_platform_0.9.15.a(cc_pal_mutex.c.obj)
                0x00000000000044ac                CC_PalMutexCreate
 .text.CC_PalMutexDestroy
                0x00000000000044c0       0x14 C:/ncs/v2.1.0/nrfxlib/crypto/nrf_cc310_platform/lib/cortex-m4/soft-float/no-interrupts/libnrf_cc310_platform_0.9.15.a(cc_pal_mutex.c.obj)
                0x00000000000044c0                CC_PalMutexDestroy
 .text.CC_PalPowerSaveModeInit
                0x00000000000044d4       0x3c C:/ncs/v2.1.0/nrfxlib/crypto/nrf_cc310_platform/lib/cortex-m4/soft-float/no-interrupts/libnrf_cc310_platform_0.9.15.a(cc_pal_pm.c.obj)
                0x00000000000044d4                CC_PalPowerSaveModeInit
 .text.CC_PalPowerSaveModeSelect
                0x0000000000004510       0x84 C:/ncs/v2.1.0/nrfxlib/crypto/nrf_cc310_platform/lib/cortex-m4/soft-float/no-interrupts/libnrf_cc310_platform_0.9.15.a(cc_pal_pm.c.obj)
                0x0000000000004510                CC_PalPowerSaveModeSelect
 .text.sys_notify_validate
                0x0000000000004594       0x22 zephyr/libzephyr.a(notify.c.obj)
                0x0000000000004594                sys_notify_validate
 .text.sys_notify_finalize
                0x00000000000045b6       0x1a zephyr/libzephyr.a(notify.c.obj)
                0x00000000000045b6                sys_notify_finalize
 .text.arch_printk_char_out
                0x00000000000045d0        0x4 zephyr/libzephyr.a(printk.c.obj)
                0x00000000000045d0                arch_printk_char_out
 .text.printk   0x00000000000045d4       0x1a zephyr/libzephyr.a(printk.c.obj)
                0x00000000000045d4                printk
 .text.process_recheck
                0x00000000000045ee       0x38 zephyr/libzephyr.a(onoff.c.obj)
 .text.notify_one
                0x0000000000004626       0x2c zephyr/libzephyr.a(onoff.c.obj)
 .text.transition_complete
                0x0000000000004652       0x1c zephyr/libzephyr.a(onoff.c.obj)
 .text.validate_args
                0x000000000000466e       0x1e zephyr/libzephyr.a(onoff.c.obj)
 .text.onoff_manager_init
                0x000000000000468c       0x26 zephyr/libzephyr.a(onoff.c.obj)
                0x000000000000468c                onoff_manager_init
 .text.onoff_request
                0x00000000000046b2       0x92 zephyr/libzephyr.a(onoff.c.obj)
                0x00000000000046b2                onoff_request
 .text.z_thread_entry
                0x0000000000004744       0x14 zephyr/libzephyr.a(thread_entry.c.obj)
                0x0000000000004744                z_thread_entry
 .text.encode_uint
                0x0000000000004758       0x8c zephyr/libzephyr.a(cbprintf_complete.c.obj)
 .text.outs     0x00000000000047e4       0x2c zephyr/libzephyr.a(cbprintf_complete.c.obj)
 .text._ConfigAbsSyms
                0x0000000000004810        0x2 zephyr/libzephyr.a(configs.c.obj)
                0x0000000000004810                _ConfigAbsSyms
 .text.abort_function
                0x0000000000004812        0x8 zephyr/libzephyr.a(nrf_cc3xx_platform_abort_zephyr.c.obj)
 .text.z_arm_fatal_error
                0x000000000000481a        0x4 zephyr/arch/arch/arm/core/aarch32/libarch__arm__core__aarch32.a(fatal.c.obj)
                0x000000000000481a                z_arm_fatal_error
 .text.z_do_kernel_oops
                0x000000000000481e        0x8 zephyr/arch/arch/arm/core/aarch32/libarch__arm__core__aarch32.a(fatal.c.obj)
                0x000000000000481e                z_do_kernel_oops
 .text.z_irq_spurious
                0x0000000000004826        0x8 zephyr/arch/arch/arm/core/aarch32/libarch__arm__core__aarch32.a(irq_manage.c.obj)
                0x0000000000004826                z_irq_spurious
 .text.z_arm_nmi
                0x000000000000482e        0xe zephyr/arch/arch/arm/core/aarch32/libarch__arm__core__aarch32.a(nmi.c.obj)
                0x000000000000482e                z_arm_nmi
 .text.strcpy   0x000000000000483c       0x14 zephyr/lib/libc/minimal/liblib__libc__minimal.a(string.c.obj)
                0x000000000000483c                strcpy
 .text.strlen   0x0000000000004850        0xe zephyr/lib/libc/minimal/liblib__libc__minimal.a(string.c.obj)
                0x0000000000004850                strlen
 .text.strnlen  0x000000000000485e       0x12 zephyr/lib/libc/minimal/liblib__libc__minimal.a(string.c.obj)
                0x000000000000485e                strnlen
 .text.memcpy   0x0000000000004870       0x16 zephyr/lib/libc/minimal/liblib__libc__minimal.a(string.c.obj)
                0x0000000000004870                memcpy
 .text.memset   0x0000000000004886       0x12 zephyr/lib/libc/minimal/liblib__libc__minimal.a(string.c.obj)
                0x0000000000004886                memset
 .text._stdout_hook_default
                0x0000000000004898        0x6 zephyr/lib/libc/minimal/liblib__libc__minimal.a(stdout_console.c.obj)
 .text.pm_state_set
                0x000000000000489e       0x18 zephyr/soc/arm/nordic_nrf/nrf52/libsoc__arm__nordic_nrf__nrf52.a(power.c.obj)
                0x000000000000489e                pm_state_set
 .text.pm_state_exit_post_ops
                0x00000000000048b6        0xc zephyr/soc/arm/nordic_nrf/nrf52/libsoc__arm__nordic_nrf__nrf52.a(power.c.obj)
                0x00000000000048b6                pm_state_exit_post_ops
 .text.get_status
                0x00000000000048c2       0x12 zephyr/drivers/clock_control/libdrivers__clock_control.a(clock_control_nrf.c.obj)
 .text.set_on_state
                0x00000000000048d4       0x26 zephyr/drivers/clock_control/libdrivers__clock_control.a(clock_control_nrf.c.obj)
 .text.stop     0x00000000000048fa       0x52 zephyr/drivers/clock_control/libdrivers__clock_control.a(clock_control_nrf.c.obj)
 .text.api_stop
                0x000000000000494c        0x6 zephyr/drivers/clock_control/libdrivers__clock_control.a(clock_control_nrf.c.obj)
 .text.async_start
                0x0000000000004952       0x62 zephyr/drivers/clock_control/libdrivers__clock_control.a(clock_control_nrf.c.obj)
 .text.api_start
                0x00000000000049b4        0xe zephyr/drivers/clock_control/libdrivers__clock_control.a(clock_control_nrf.c.obj)
 .text.onoff_started_callback
                0x00000000000049c2       0x12 zephyr/drivers/clock_control/libdrivers__clock_control.a(clock_control_nrf.c.obj)
 .text.lfclk_start
                0x00000000000049d4        0x6 zephyr/drivers/clock_control/libdrivers__clock_control.a(clock_control_nrf.c.obj)
 .text.lfclk_stop
                0x00000000000049da        0x6 zephyr/drivers/clock_control/libdrivers__clock_control.a(clock_control_nrf.c.obj)
 .text.blocking_start_callback
                0x00000000000049e0        0x6 zephyr/drivers/clock_control/libdrivers__clock_control.a(clock_control_nrf.c.obj)
 .text.gpio_nrfx_port_get_raw
                0x00000000000049e6        0xe zephyr/drivers/gpio/libdrivers__gpio.a(gpio_nrfx.c.obj)
 .text.gpio_nrfx_port_set_masked_raw
                0x00000000000049f4       0x18 zephyr/drivers/gpio/libdrivers__gpio.a(gpio_nrfx.c.obj)
 .text.gpio_nrfx_port_set_bits_raw
                0x0000000000004a0c        0xc zephyr/drivers/gpio/libdrivers__gpio.a(gpio_nrfx.c.obj)
 .text.gpio_nrfx_port_clear_bits_raw
                0x0000000000004a18        0xc zephyr/drivers/gpio/libdrivers__gpio.a(gpio_nrfx.c.obj)
 .text.gpio_nrfx_port_toggle_bits
                0x0000000000004a24       0x1a zephyr/drivers/gpio/libdrivers__gpio.a(gpio_nrfx.c.obj)
 .text.gpio_nrfx_manage_callback
                0x0000000000004a3e       0x54 zephyr/drivers/gpio/libdrivers__gpio.a(gpio_nrfx.c.obj)
 .text.uarte_nrfx_config_get
                0x0000000000004a92       0x10 zephyr/drivers/serial/libdrivers__serial.a(uart_nrfx_uarte.c.obj)
 .text.uarte_nrfx_err_check
                0x0000000000004aa2        0xe zephyr/drivers/serial/libdrivers__serial.a(uart_nrfx_uarte.c.obj)
 .text.uarte_nrfx_poll_in
                0x0000000000004ab0       0x28 zephyr/drivers/serial/libdrivers__serial.a(uart_nrfx_uarte.c.obj)
 .text.is_tx_ready.isra.0
                0x0000000000004ad8       0x20 zephyr/drivers/serial/libdrivers__serial.a(uart_nrfx_uarte.c.obj)
 .text.uarte_nrfx_isr_int
                0x0000000000004af8       0x72 zephyr/drivers/serial/libdrivers__serial.a(uart_nrfx_uarte.c.obj)
 .text.uarte_1_init
                0x0000000000004b6a       0x1e zephyr/drivers/serial/libdrivers__serial.a(uart_nrfx_uarte.c.obj)
 .text.uarte_0_init
                0x0000000000004b88       0x1e zephyr/drivers/serial/libdrivers__serial.a(uart_nrfx_uarte.c.obj)
 .text.sys_clock_idle_exit
                0x0000000000004ba6        0x2 zephyr/drivers/timer/libdrivers__timer.a(sys_clock_init.c.obj)
                0x0000000000004ba6                sys_clock_idle_exit
 .text.pinctrl_lookup_state
                0x0000000000004ba8       0x30 zephyr/drivers/pinctrl/libdrivers__pinctrl.a(common.c.obj)
                0x0000000000004ba8                pinctrl_lookup_state
 .text.nrf_gpio_pin_write
                0x0000000000004bd8        0xa zephyr/drivers/pinctrl/libdrivers__pinctrl.a(pinctrl_nrf.c.obj)
 .text.pinctrl_configure_pins
                0x0000000000004be2      0x158 zephyr/drivers/pinctrl/libdrivers__pinctrl.a(pinctrl_nrf.c.obj)
                0x0000000000004be2                pinctrl_configure_pins
 .text.k_sys_fatal_error_handler
                0x0000000000004d3a        0x8 modules/nrf/lib/fatal_error/lib..__nrf__lib__fatal_error.a(fatal_error.c.obj)
                0x0000000000004d3a                k_sys_fatal_error_handler
 .text.hw_cc3xx_init_internal
                0x0000000000004d42        0x4 modules/nrf/drivers/hw_cc310/lib..__nrf__drivers__hw_cc310.a(hw_cc310.c.obj)
 .text.hw_cc3xx_init
                0x0000000000004d46       0x12 modules/nrf/drivers/hw_cc310/lib..__nrf__drivers__hw_cc310.a(hw_cc310.c.obj)
 .text.nrf52_errata_36
                0x0000000000004d58       0x12 modules/hal_nordic/nrfx/libmodules__hal_nordic__nrfx.a(system_nrf52840.c.obj)
 .text.nrfx_isr
                0x0000000000004d6a        0x2 modules/hal_nordic/nrfx/libmodules__hal_nordic__nrfx.a(nrfx_glue.c.obj)
                0x0000000000004d6a                nrfx_isr
 .text.nrfx_busy_wait
                0x0000000000004d6c        0x4 modules/hal_nordic/nrfx/libmodules__hal_nordic__nrfx.a(nrfx_glue.c.obj)
                0x0000000000004d6c                nrfx_busy_wait
 .text.nrfx_clock_enable
                0x0000000000004d70       0x1a modules/hal_nordic/nrfx/libmodules__hal_nordic__nrfx.a(nrfx_clock.c.obj)
                0x0000000000004d70                nrfx_clock_enable
 .text.nrfx_clock_start
                0x0000000000004d8a       0x7a modules/hal_nordic/nrfx/libmodules__hal_nordic__nrfx.a(nrfx_clock.c.obj)
                0x0000000000004d8a                nrfx_clock_start
 .text.nrfx_clock_stop
                0x0000000000004e04        0x4 modules/hal_nordic/nrfx/libmodules__hal_nordic__nrfx.a(nrfx_clock.c.obj)
                0x0000000000004e04                nrfx_clock_stop
 .text.nrf_gpio_reconfigure
                0x0000000000004e08       0x8e modules/hal_nordic/nrfx/libmodules__hal_nordic__nrfx.a(nrfx_gpiote.c.obj)
 .text.nrf_gpio_cfg_sense_set
                0x0000000000004e96       0x1e modules/hal_nordic/nrfx/libmodules__hal_nordic__nrfx.a(nrfx_gpiote.c.obj)
 .text.SEGGER_RTT_Init
                0x0000000000004eb4        0x4 modules/segger/libmodules__segger.a(SEGGER_RTT.c.obj)
                0x0000000000004eb4                SEGGER_RTT_Init
 .text.rtt_init
                0x0000000000004eb8        0xa modules/segger/libmodules__segger.a(SEGGER_RTT_zephyr.c.obj)
 .text.z_device_state_init
                0x0000000000004ec2        0x2 zephyr/kernel/libkernel.a(device.c.obj)
                0x0000000000004ec2                z_device_state_init
 .text.z_device_is_ready
                0x0000000000004ec4       0x14 zephyr/kernel/libkernel.a(device.c.obj)
                0x0000000000004ec4                z_device_is_ready
 .text.z_fatal_error
                0x0000000000004ed8       0x36 zephyr/kernel/libkernel.a(fatal.c.obj)
                0x0000000000004ed8                z_fatal_error
 .text.z_early_memset
                0x0000000000004f0e        0x4 zephyr/kernel/libkernel.a(init.c.obj)
                0x0000000000004f0e                z_early_memset
 .text.z_early_memcpy
                0x0000000000004f12        0x4 zephyr/kernel/libkernel.a(init.c.obj)
                0x0000000000004f12                z_early_memcpy
 .text.k_mem_slab_init
                0x0000000000004f16       0x36 zephyr/kernel/libkernel.a(mem_slab.c.obj)
                0x0000000000004f16                k_mem_slab_init
 .text.k_mem_slab_free
                0x0000000000004f4c       0x52 zephyr/kernel/libkernel.a(mem_slab.c.obj)
                0x0000000000004f4c                k_mem_slab_free
 .text.k_is_in_isr
                0x0000000000004f9e        0xc zephyr/kernel/libkernel.a(thread.c.obj)
                0x0000000000004f9e                k_is_in_isr
 .text.z_pm_save_idle_exit
                0x0000000000004faa        0xe zephyr/kernel/libkernel.a(idle.c.obj)
                0x0000000000004faa                z_pm_save_idle_exit
 .text.adjust_owner_prio.isra.0
                0x0000000000004fb8       0x10 zephyr/kernel/libkernel.a(mutex.c.obj)
 .text.z_impl_k_mutex_init
                0x0000000000004fc8        0xe zephyr/kernel/libkernel.a(mutex.c.obj)
                0x0000000000004fc8                z_impl_k_mutex_init
 .text.sys_dlist_remove
                0x0000000000004fd6       0x10 zephyr/kernel/libkernel.a(sched.c.obj)
 .text.unpend_thread_no_timeout
                0x0000000000004fe6       0x14 zephyr/kernel/libkernel.a(sched.c.obj)
 .text.z_reschedule_irqlock
                0x0000000000004ffa       0x18 zephyr/kernel/libkernel.a(sched.c.obj)
                0x0000000000004ffa                z_reschedule_irqlock
 .text.z_reschedule_unlocked
                0x0000000000005012       0x14 zephyr/kernel/libkernel.a(sched.c.obj)
 .text.z_priq_dumb_best
                0x0000000000005026        0xc zephyr/kernel/libkernel.a(sched.c.obj)
                0x0000000000005026                z_priq_dumb_best
 .text.z_ready_thread
                0x0000000000005032       0x20 zephyr/kernel/libkernel.a(sched.c.obj)
                0x0000000000005032                z_ready_thread
 .text.z_thread_timeout
                0x0000000000005052       0x44 zephyr/kernel/libkernel.a(sched.c.obj)
                0x0000000000005052                z_thread_timeout
 .text.add_to_waitq_locked
                0x0000000000005096       0x54 zephyr/kernel/libkernel.a(sched.c.obj)
 .text.z_unpend_first_thread
                0x00000000000050ea       0x30 zephyr/kernel/libkernel.a(sched.c.obj)
                0x00000000000050ea                z_unpend_first_thread
 .text.z_abort_timeout
                0x000000000000511a       0x2c zephyr/kernel/libkernel.a(timeout.c.obj)
                0x000000000000511a                z_abort_timeout
 .text.z_get_next_timeout_expiry
                0x0000000000005146       0x20 zephyr/kernel/libkernel.a(timeout.c.obj)
                0x0000000000005146                z_get_next_timeout_expiry
 .text.z_set_timeout_expiry
                0x0000000000005166       0x34 zephyr/kernel/libkernel.a(timeout.c.obj)
                0x0000000000005166                z_set_timeout_expiry
 .text.sys_clock_tick_get_32
                0x000000000000519a        0x8 zephyr/kernel/libkernel.a(timeout.c.obj)
                0x000000000000519a                sys_clock_tick_get_32
 .text.z_impl_k_busy_wait
                0x00000000000051a2        0x8 zephyr/kernel/libkernel.a(timeout.c.obj)
                0x00000000000051a2                z_impl_k_busy_wait
 .text._OffsetAbsSyms
                0x00000000000051aa        0x2 zephyr/CMakeFiles/offsets.dir/./arch/arm/core/offsets/offsets.c.obj
                0x00000000000051aa                _OffsetAbsSyms
 *(SORT_BY_ALIGNMENT(.TEXT.*))
 *(SORT_BY_ALIGNMENT(.gnu.linkonce.t.*))
 *(SORT_BY_ALIGNMENT(.glue_7t))
 .glue_7t       0x00000000000051ac        0x0 linker stubs
 *(SORT_BY_ALIGNMENT(.glue_7))
 .glue_7        0x00000000000051ac        0x0 linker stubs
 *(SORT_BY_ALIGNMENT(.vfp11_veneer))
 .vfp11_veneer  0x00000000000051ac        0x0 linker stubs
 *(SORT_BY_ALIGNMENT(.v4_bx))
 .v4_bx         0x00000000000051ac        0x0 linker stubs
                0x00000000000051ac                __text_region_end = .

.ARM.exidx      0x00000000000051ac        0x8
                0x00000000000051ac                __exidx_start = .
 *(SORT_BY_ALIGNMENT(.ARM.exidx*) SORT_BY_ALIGNMENT(gnu.linkonce.armexidx.*))
 .ARM.exidx     0x00000000000051ac        0x8 c:/ncs/toolchains/v2.1.0/opt/zephyr-sdk/arm-zephyr-eabi/bin/../lib/gcc/arm-zephyr-eabi/10.3.0/thumb/v7e-m/nofp\libgcc.a(_udivmoddi4.o)
                0x00000000000051b4                __exidx_end = .
                0x00000000000051b4                __rodata_region_start = .

initlevel       0x00000000000051b4       0x60
                0x00000000000051b4                __init_start = .
                0x00000000000051b4                __init_PRE_KERNEL_1_start = .
 *(SORT_BY_NAME(SORT_BY_ALIGNMENT(.z_init_PRE_KERNEL_1[0-9]_*)))
 .z_init_PRE_KERNEL_10_
                0x00000000000051b4        0x8 zephyr/soc/arm/nordic_nrf/nrf52/libsoc__arm__nordic_nrf__nrf52.a(soc.c.obj)
 *(SORT_BY_NAME(SORT_BY_ALIGNMENT(.z_init_PRE_KERNEL_1[1-9][0-9]_*)))
 .z_init_PRE_KERNEL_130_
                0x00000000000051bc        0x8 zephyr/drivers/clock_control/libdrivers__clock_control.a(clock_control_nrf.c.obj)
 .z_init_PRE_KERNEL_130_
                0x00000000000051c4        0x8 modules/segger/libmodules__segger.a(SEGGER_RTT_zephyr.c.obj)
 .z_init_PRE_KERNEL_130_
                0x00000000000051cc        0x8 zephyr/kernel/libkernel.a(mem_slab.c.obj)
 .z_init_PRE_KERNEL_140_
                0x00000000000051d4       0x10 zephyr/drivers/gpio/libdrivers__gpio.a(gpio_nrfx.c.obj)
 .z_init_PRE_KERNEL_140_
                0x00000000000051e4        0x8 modules/nrf/drivers/hw_cc310/lib..__nrf__drivers__hw_cc310.a(hw_cc310.c.obj)
 .z_init_PRE_KERNEL_155_
                0x00000000000051ec       0x10 zephyr/drivers/serial/libdrivers__serial.a(uart_nrfx_uarte.c.obj)
 .z_init_PRE_KERNEL_160_
                0x00000000000051fc        0x8 zephyr/drivers/console/libdrivers__console.a(uart_console.c.obj)
                0x0000000000005204                __init_PRE_KERNEL_2_start = .
 *(SORT_BY_NAME(SORT_BY_ALIGNMENT(.z_init_PRE_KERNEL_2[0-9]_*)))
 .z_init_PRE_KERNEL_20_
                0x0000000000005204        0x8 zephyr/drivers/timer/libdrivers__timer.a(nrf_rtc_timer.c.obj)
 *(SORT_BY_NAME(SORT_BY_ALIGNMENT(.z_init_PRE_KERNEL_2[1-9][0-9]_*)))
                0x000000000000520c                __init_POST_KERNEL_start = .
 *(SORT_BY_NAME(SORT_BY_ALIGNMENT(.z_init_POST_KERNEL[0-9]_*)))
 *(SORT_BY_NAME(SORT_BY_ALIGNMENT(.z_init_POST_KERNEL[1-9][0-9]_*)))
 .z_init_POST_KERNEL40_
                0x000000000000520c        0x8 modules/nrf/drivers/hw_cc310/lib..__nrf__drivers__hw_cc310.a(hw_cc310.c.obj)
                0x0000000000005214                __init_APPLICATION_start = .
 *(SORT_BY_NAME(SORT_BY_ALIGNMENT(.z_init_APPLICATION[0-9]_*)))
 *(SORT_BY_NAME(SORT_BY_ALIGNMENT(.z_init_APPLICATION[1-9][0-9]_*)))
                0x0000000000005214                __init_SMP_start = .
 *(SORT_BY_NAME(SORT_BY_ALIGNMENT(.z_init_SMP[0-9]_*)))
 *(SORT_BY_NAME(SORT_BY_ALIGNMENT(.z_init_SMP[1-9][0-9]_*)))
                0x0000000000005214                __init_end = .

devices         0x0000000000005214       0x78
                0x0000000000005214                __device_start = .
                0x0000000000005214                __device_PRE_KERNEL_1_start = .
 *(SORT_BY_NAME(SORT_BY_ALIGNMENT(.z_device_PRE_KERNEL_1[0-9]_*)))
 *(SORT_BY_NAME(SORT_BY_ALIGNMENT(.z_device_PRE_KERNEL_1[1-9][0-9]_*)))
 .z_device_PRE_KERNEL_130_
                0x0000000000005214       0x18 zephyr/drivers/clock_control/libdrivers__clock_control.a(clock_control_nrf.c.obj)
                0x0000000000005214                __device_dts_ord_74
 .z_device_PRE_KERNEL_140_
                0x000000000000522c       0x30 zephyr/drivers/gpio/libdrivers__gpio.a(gpio_nrfx.c.obj)
                0x000000000000522c                __device_dts_ord_11
                0x0000000000005244                __device_dts_ord_106
 .z_device_PRE_KERNEL_155_
                0x000000000000525c       0x30 zephyr/drivers/serial/libdrivers__serial.a(uart_nrfx_uarte.c.obj)
                0x000000000000525c                __device_dts_ord_115
                0x0000000000005274                __device_dts_ord_114
                0x000000000000528c                __device_PRE_KERNEL_2_start = .
 *(SORT_BY_NAME(SORT_BY_ALIGNMENT(.z_device_PRE_KERNEL_2[0-9]_*)))
 *(SORT_BY_NAME(SORT_BY_ALIGNMENT(.z_device_PRE_KERNEL_2[1-9][0-9]_*)))
                0x000000000000528c                __device_POST_KERNEL_start = .
 *(SORT_BY_NAME(SORT_BY_ALIGNMENT(.z_device_POST_KERNEL[0-9]_*)))
 *(SORT_BY_NAME(SORT_BY_ALIGNMENT(.z_device_POST_KERNEL[1-9][0-9]_*)))
                0x000000000000528c                __device_APPLICATION_start = .
 *(SORT_BY_NAME(SORT_BY_ALIGNMENT(.z_device_APPLICATION[0-9]_*)))
 *(SORT_BY_NAME(SORT_BY_ALIGNMENT(.z_device_APPLICATION[1-9][0-9]_*)))
                0x000000000000528c                __device_SMP_start = .
 *(SORT_BY_NAME(SORT_BY_ALIGNMENT(.z_device_SMP[0-9]_*)))
 *(SORT_BY_NAME(SORT_BY_ALIGNMENT(.z_device_SMP[1-9][0-9]_*)))
                0x000000000000528c                __device_end = .

sw_isr_table    0x000000000000528c      0x180
                0x000000000000528c                . = ALIGN (0x4)
 *(SORT_BY_ALIGNMENT(.gnu.linkonce.sw_isr_table*))
 .gnu.linkonce.sw_isr_table
                0x000000000000528c      0x180 zephyr/arch/common/libisr_tables.a(isr_tables.c.obj)
                0x000000000000528c                _sw_isr_table

initlevel_error
                0x00000000000051b4        0x0
 *(SORT_BY_NAME(SORT_BY_ALIGNMENT(.z_init_[_A-Z0-9]*)))
                0x0000000000000001                ASSERT ((SIZEOF (initlevel_error) == 0x0), Undefined initialization levels used.)

app_shmem_regions
                0x000000000000540c        0x0
                0x000000000000540c                __app_shmem_regions_start = .
 *(SORT_BY_NAME(SORT_BY_ALIGNMENT(.app_regions.*)))
                0x000000000000540c                __app_shmem_regions_end = .

k_p4wq_initparam_area
                0x000000000000540c        0x0
                0x000000000000540c                _k_p4wq_initparam_list_start = .
 *(SORT_BY_NAME(SORT_BY_ALIGNMENT(._k_p4wq_initparam.static.*)))
                0x000000000000540c                _k_p4wq_initparam_list_end = .

device_handles  0x000000000000540c       0x1e
                0x000000000000540c                __device_handles_start = .
 *(SORT_BY_NAME(SORT_BY_ALIGNMENT(.__device_handles_pass2*)))
 .__device_handles_pass2
                0x000000000000540c       0x1e zephyr/CMakeFiles/zephyr_pre1.dir/dev_handles.c.obj
                0x000000000000540c                __devicehdl_DT_N_S_soc_S_uart_40002000
                0x0000000000005412                __devicehdl_DT_N_S_soc_S_uart_40028000
                0x0000000000005418                __devicehdl_DT_N_S_soc_S_gpio_50000300
                0x000000000000541e                __devicehdl_DT_N_S_soc_S_gpio_50000000
                0x0000000000005424                __devicehdl_DT_N_S_soc_S_clock_40000000
                0x000000000000542a                __device_handles_end = .

ztest           0x000000000000542a        0x0
                0x000000000000542a                _ztest_suite_node_list_start = .
 *(SORT_BY_NAME(SORT_BY_ALIGNMENT(._ztest_suite_node.static.*)))
                0x000000000000542a                _ztest_suite_node_list_end = .
                0x000000000000542a                _ztest_unit_test_list_start = .
 *(SORT_BY_NAME(SORT_BY_ALIGNMENT(._ztest_unit_test.static.*)))
                0x000000000000542a                _ztest_unit_test_list_end = .
                0x000000000000542a                _ztest_test_rule_list_start = .
 *(SORT_BY_NAME(SORT_BY_ALIGNMENT(._ztest_test_rule.static.*)))
                0x000000000000542a                _ztest_test_rule_list_end = .

bt_l2cap_fixed_chan_area
                0x000000000000542a        0x0
                0x000000000000542a                _bt_l2cap_fixed_chan_list_start = .
 *(SORT_BY_NAME(SORT_BY_ALIGNMENT(._bt_l2cap_fixed_chan.static.*)))
                0x000000000000542a                _bt_l2cap_fixed_chan_list_end = .

bt_gatt_service_static_area
                0x000000000000542a        0x0
                0x000000000000542a                _bt_gatt_service_static_list_start = .
 *(SORT_BY_NAME(SORT_BY_ALIGNMENT(._bt_gatt_service_static.static.*)))
                0x000000000000542a                _bt_gatt_service_static_list_end = .

log_strings_sections
                0x000000000000542a        0x0
                0x000000000000542a                __log_strings_start = .
 *(SORT_BY_NAME(SORT_BY_ALIGNMENT(.log_strings*)))
                0x000000000000542a                __log_strings_end = .

log_const_sections
                0x000000000000542a        0x0
                0x000000000000542a                __log_const_start = .
 *(SORT_BY_NAME(SORT_BY_ALIGNMENT(.log_const_*)))
                0x000000000000542a                __log_const_end = .

log_backends_sections
                0x000000000000542a        0x0
                0x000000000000542a                __log_backends_start = .
 *(SORT_BY_ALIGNMENT(._log_backend.*))
                0x000000000000542a                __log_backends_end = .

tracing_backend_area
                0x000000000000542a        0x0
                0x000000000000542a                _tracing_backend_list_start = .
 *(SORT_BY_NAME(SORT_BY_ALIGNMENT(._tracing_backend.static.*)))
                0x000000000000542a                _tracing_backend_list_end = .

zephyr_dbg_info
 *(SORT_BY_ALIGNMENT(.dbg_thread_info))

symbol_to_keep  0x000000000000542a        0x0
                0x000000000000542a                __symbol_to_keep_start = .
 *(SORT_BY_NAME(SORT_BY_ALIGNMENT(.symbol_to_keep*)))
                0x000000000000542a                __symbol_to_keep_end = .

shell_area      0x000000000000542a        0x0
                0x000000000000542a                _shell_list_start = .
 *(SORT_BY_NAME(SORT_BY_ALIGNMENT(._shell.static.*)))
                0x000000000000542a                _shell_list_end = .

shell_root_cmds_sections
                0x000000000000542a        0x0
                0x000000000000542a                __shell_root_cmds_start = .
 *(SORT_BY_NAME(SORT_BY_ALIGNMENT(.shell_root_cmd_*)))
                0x000000000000542a                __shell_root_cmds_end = .

shell_subcmds_sections
                0x000000000000542a        0x0
                0x000000000000542a                __shell_subcmds_start = .
 *(SORT_BY_NAME(SORT_BY_ALIGNMENT(.shell_subcmd_*)))
                0x000000000000542a                __shell_subcmds_end = .

shell_dynamic_subcmds_sections
                0x000000000000542a        0x0
                0x000000000000542a                __shell_dynamic_subcmds_start = .
 *(SORT_BY_NAME(SORT_BY_ALIGNMENT(.shell_dynamic_subcmd_*)))
                0x000000000000542a                __shell_dynamic_subcmds_end = .

font_entry_sections
                0x000000000000542a        0x0
                0x000000000000542a                __font_entry_start = .
 *(SORT_BY_NAME(SORT_BY_ALIGNMENT(._cfb_font.*)))
                0x000000000000542a                __font_entry_end = .

rodata          0x0000000000005430      0x368
 *(SORT_BY_ALIGNMENT(.rodata))
 *(SORT_BY_ALIGNMENT(.rodata.*))
 .rodata.delay_machine_code.0
                0x0000000000005430        0x6 zephyr/soc/arm/nordic_nrf/nrf52/libsoc__arm__nordic_nrf__nrf52.a(soc.c.obj)
 *fill*         0x0000000000005436        0x2 
 .rodata.pmstates_DT_N_S_cpus_S_cpu_0
                0x0000000000005438        0x0 zephyr/libzephyr.a(state.c.obj)
 .rodata.apis   0x0000000000005438        0x8 zephyr/libzephyr.a(nrf_cc3xx_platform_abort_zephyr.c.obj)
 .rodata.mutex_apis
                0x0000000000005440       0x10 zephyr/libzephyr.a(nrf_cc3xx_platform_mutex_zephyr.c.obj)
 .rodata.mutexes
                0x0000000000005450       0x14 zephyr/libzephyr.a(nrf_cc3xx_platform_mutex_zephyr.c.obj)
 .rodata.static_regions
                0x0000000000005464        0xc zephyr/arch/arch/arm/core/aarch32/mpu/libarch__arm__core__aarch32__mpu.a(arm_core_mpu.c.obj)
 .rodata.mpu_config
                0x0000000000005470        0x8 zephyr/soc/arm/common/cortex_m/libsoc__arm__common__cortex_m.a(arm_mpu_regions.c.obj)
                0x0000000000005470                mpu_config
 .rodata.mpu_regions
                0x0000000000005478       0x18 zephyr/soc/arm/common/cortex_m/libsoc__arm__common__cortex_m.a(arm_mpu_regions.c.obj)
 .rodata.clock_control_api
                0x0000000000005490       0x1c zephyr/drivers/clock_control/libdrivers__clock_control.a(clock_control_nrf.c.obj)
 .rodata.config
                0x00000000000054ac       0x10 zephyr/drivers/clock_control/libdrivers__clock_control.a(clock_control_nrf.c.obj)
 .rodata.transitions.0
                0x00000000000054bc        0xc zephyr/drivers/clock_control/libdrivers__clock_control.a(clock_control_nrf.c.obj)
 .rodata.gpio_nrfx_drv_api_funcs
                0x00000000000054c8       0x24 zephyr/drivers/gpio/libdrivers__gpio.a(gpio_nrfx.c.obj)
 .rodata.gpio_nrfx_p0_cfg
                0x00000000000054ec       0x10 zephyr/drivers/gpio/libdrivers__gpio.a(gpio_nrfx.c.obj)
 .rodata.gpio_nrfx_p1_cfg
                0x00000000000054fc       0x10 zephyr/drivers/gpio/libdrivers__gpio.a(gpio_nrfx.c.obj)
 .rodata.__pinctrl_dev_config__device_dts_ord_114
                0x000000000000550c        0xc zephyr/drivers/serial/libdrivers__serial.a(uart_nrfx_uarte.c.obj)
 .rodata.__pinctrl_dev_config__device_dts_ord_115
                0x0000000000005518        0xc zephyr/drivers/serial/libdrivers__serial.a(uart_nrfx_uarte.c.obj)
 .rodata.__pinctrl_state_pins_0__device_dts_ord_114
                0x0000000000005524       0x10 zephyr/drivers/serial/libdrivers__serial.a(uart_nrfx_uarte.c.obj)
 .rodata.__pinctrl_state_pins_0__device_dts_ord_115
                0x0000000000005534        0x8 zephyr/drivers/serial/libdrivers__serial.a(uart_nrfx_uarte.c.obj)
 .rodata.__pinctrl_states__device_dts_ord_114
                0x000000000000553c        0x8 zephyr/drivers/serial/libdrivers__serial.a(uart_nrfx_uarte.c.obj)
 .rodata.__pinctrl_states__device_dts_ord_115
                0x0000000000005544        0x8 zephyr/drivers/serial/libdrivers__serial.a(uart_nrfx_uarte.c.obj)
 .rodata.uart_nrfx_uarte_driver_api
                0x000000000000554c       0x14 zephyr/drivers/serial/libdrivers__serial.a(uart_nrfx_uarte.c.obj)
 .rodata.uarte_0z_config
                0x0000000000005560       0x10 zephyr/drivers/serial/libdrivers__serial.a(uart_nrfx_uarte.c.obj)
 .rodata.uarte_1z_config
                0x0000000000005570       0x10 zephyr/drivers/serial/libdrivers__serial.a(uart_nrfx_uarte.c.obj)
 .rodata.levels.0
                0x0000000000005580       0x14 zephyr/kernel/libkernel.a(device.c.obj)
 .rodata._k_neg_eagain
                0x0000000000005594        0x4 zephyr/kernel/libkernel.a(errno.c.obj)
                0x0000000000005594                _k_neg_eagain
 .rodata.CSWTCH.10
                0x0000000000005598       0x1c C:/ncs/v2.1.0/nrfxlib/crypto/nrf_cc310_platform/lib/cortex-m4/soft-float/no-interrupts/libnrf_cc310_platform_0.9.15.a(nrf_cc3xx_platform.c.obj)
 .rodata.mutex_free.str1.4
                0x00000000000055b4       0x26 C:/ncs/v2.1.0/nrfxlib/crypto/nrf_cc310_platform/lib/cortex-m4/soft-float/no-interrupts/libnrf_cc310_platform_0.9.15.a(nrf_cc3xx_platform_mutex.c.obj)
 *fill*         0x00000000000055da        0x2 
 .rodata.mutex_init.str1.4
                0x00000000000055dc       0x23 C:/ncs/v2.1.0/nrfxlib/crypto/nrf_cc310_platform/lib/cortex-m4/soft-float/no-interrupts/libnrf_cc310_platform_0.9.15.a(nrf_cc3xx_platform_mutex.c.obj)
 *fill*         0x00000000000055ff        0x1 
 .rodata.CC_PalPowerSaveModeInit.str1.4
                0x0000000000005600       0x20 C:/ncs/v2.1.0/nrfxlib/crypto/nrf_cc310_platform/lib/cortex-m4/soft-float/no-interrupts/libnrf_cc310_platform_0.9.15.a(cc_pal_pm.c.obj)
 .rodata.main.str1.1
                0x0000000000005620       0x40 app/libapp.a(main.c.obj)
 .rodata.z_cbvprintf_impl.str1.1
                0x0000000000005660        0x6 zephyr/libzephyr.a(cbprintf_complete.c.obj)
 .rodata.sys_reboot.str1.1
                0x0000000000005666       0x29 zephyr/libzephyr.a(reboot.c.obj)
 .rodata.mutex_free_platform.str1.1
                0x000000000000568f       0x26 zephyr/libzephyr.a(nrf_cc3xx_platform_mutex_zephyr.c.obj)
 .rodata.mutex_init_platform.str1.1
                0x00000000000056b5       0x2d zephyr/libzephyr.a(nrf_cc3xx_platform_mutex_zephyr.c.obj)
 .rodata.str1.1
                0x00000000000056e2        0xf zephyr/soc/arm/common/cortex_m/libsoc__arm__common__cortex_m.a(arm_mpu_regions.c.obj)
 .rodata.CSWTCH.9
                0x00000000000056f1        0x6 zephyr/soc/arm/nordic_nrf/nrf52/libsoc__arm__nordic_nrf__nrf52.a(soc.c.obj)
 .rodata.str1.1
                0x00000000000056f7        0xf zephyr/drivers/clock_control/libdrivers__clock_control.a(clock_control_nrf.c.obj)
 .rodata.str1.1
                0x0000000000005706       0x1c zephyr/drivers/gpio/libdrivers__gpio.a(gpio_nrfx.c.obj)
 .rodata.str1.1
                0x0000000000005722       0x1c zephyr/drivers/serial/libdrivers__serial.a(uart_nrfx_uarte.c.obj)
 .rodata.CSWTCH.14
                0x000000000000573e        0x6 modules/hal_nordic/nrfx/libmodules__hal_nordic__nrfx.a(system_nrf52840.c.obj)
 .rodata.CSWTCH.5
                0x0000000000005744        0x6 modules/hal_nordic/nrfx/libmodules__hal_nordic__nrfx.a(system_nrf52840.c.obj)
 .rodata._DoInit.str1.1
                0x000000000000574a       0x14 modules/segger/libmodules__segger.a(SEGGER_RTT.c.obj)
 .rodata.z_cstart.str1.1
                0x000000000000575e        0x5 zephyr/kernel/libkernel.a(init.c.obj)
 .rodata.boot_banner.str1.1
                0x0000000000005763       0x34 zephyr/kernel/libkernel.a(banner.c.obj)
                                         0x35 (size before relaxing)
 *(SORT_BY_ALIGNMENT(.gnu.linkonce.r.*))
                0x0000000000005798                . = ALIGN (0x4)
 *fill*         0x0000000000005797        0x1 
                0x0000000000005798                __rodata_region_end = .
                0x00000000000057a0                . = ALIGN (_region_min_align)
                0x0000000000008000                . = ALIGN ((0x1 << ((__rodata_region_end - __rom_region_start) <= 0x4)?0x2:((__rodata_region_end - __rom_region_start) <= 0x8)?0x3:((__rodata_region_end - __rom_region_start) <= 0x10)?0x4:((__rodata_region_end - __rom_region_start) <= 0x20)?0x5:((__rodata_region_end - __rom_region_start) <= 0x40)?0x6:((__rodata_region_end - __rom_region_start) <= 0x80)?0x7:((__rodata_region_end - __rom_region_start) <= 0x100)?0x8:((__rodata_region_end - __rom_region_start) <= 0x200)?0x9:((__rodata_region_end - __rom_region_start) <= 0x400)?0xa:((__rodata_region_end - __rom_region_start) <= 0x800)?0xb:((__rodata_region_end - __rom_region_start) <= 0x1000)?0xc:((__rodata_region_end - __rom_region_start) <= 0x2000)?0xd:((__rodata_region_end - __rom_region_start) <= 0x4000)?0xe:((__rodata_region_end - __rom_region_start) <= 0x8000)?0xf:((__rodata_region_end - __rom_region_start) <= 0x10000)?0x10:((__rodata_region_end - __rom_region_start) <= 0x20000)?0x11:((__rodata_region_end - __rom_region_start) <= 0x40000)?0x12:((__rodata_region_end - __rom_region_start) <= 0x80000)?0x13:((__rodata_region_end - __rom_region_start) <= 0x100000)?0x14:((__rodata_region_end - __rom_region_start) <= 0x200000)?0x15:((__rodata_region_end - __rom_region_start) <= 0x400000)?0x16:((__rodata_region_end - __rom_region_start) <= 0x800000)?0x17:((__rodata_region_end - __rom_region_start) <= 0x1000000)?0x18:((__rodata_region_end - __rom_region_start) <= 0x2000000)?0x19:((__rodata_region_end - __rom_region_start) <= 0x4000000)?0x1a:((__rodata_region_end - __rom_region_start) <= 0x8000000)?0x1b:((__rodata_region_end - __rom_region_start) <= 0x10000000)?0x1c:((__rodata_region_end - __rom_region_start) <= 0x20000000)?0x1d:((__rodata_region_end - __rom_region_start) <= 0x40000000)?0x1e:((__rodata_region_end - __rom_region_start) <= 0x80000000)?0x1f:0x20))
                0x0000000000008000                __rom_region_end = .
                0x0000000020000000                . = 0x20000000
                0x0000000020000000                . = ALIGN (_region_min_align)
                0x0000000020000000                _image_ram_start = .

.ramfunc        0x0000000020000000        0x0 load address 0x0000000000005798
                0x0000000020000000                . = ALIGN (_region_min_align)
                0x0000000020000000                . = ALIGN ((0x1 << (__ramfunc_size <= 0x4)?0x2:(__ramfunc_size <= 0x8)?0x3:(__ramfunc_size <= 0x10)?0x4:(__ramfunc_size <= 0x20)?0x5:(__ramfunc_size <= 0x40)?0x6:(__ramfunc_size <= 0x80)?0x7:(__ramfunc_size <= 0x100)?0x8:(__ramfunc_size <= 0x200)?0x9:(__ramfunc_size <= 0x400)?0xa:(__ramfunc_size <= 0x800)?0xb:(__ramfunc_size <= 0x1000)?0xc:(__ramfunc_size <= 0x2000)?0xd:(__ramfunc_size <= 0x4000)?0xe:(__ramfunc_size <= 0x8000)?0xf:(__ramfunc_size <= 0x10000)?0x10:(__ramfunc_size <= 0x20000)?0x11:(__ramfunc_size <= 0x40000)?0x12:(__ramfunc_size <= 0x80000)?0x13:(__ramfunc_size <= 0x100000)?0x14:(__ramfunc_size <= 0x200000)?0x15:(__ramfunc_size <= 0x400000)?0x16:(__ramfunc_size <= 0x800000)?0x17:(__ramfunc_size <= 0x1000000)?0x18:(__ramfunc_size <= 0x2000000)?0x19:(__ramfunc_size <= 0x4000000)?0x1a:(__ramfunc_size <= 0x8000000)?0x1b:(__ramfunc_size <= 0x10000000)?0x1c:(__ramfunc_size <= 0x20000000)?0x1d:(__ramfunc_size <= 0x40000000)?0x1e:(__ramfunc_size <= 0x80000000)?0x1f:0x20))
                0x0000000020000000                __ramfunc_start = .
 *(SORT_BY_ALIGNMENT(.ramfunc))
 *(SORT_BY_ALIGNMENT(.ramfunc.*))
                0x0000000020000000                . = ALIGN (_region_min_align)
                0x0000000020000000                . = ALIGN ((0x1 << (__ramfunc_size <= 0x4)?0x2:(__ramfunc_size <= 0x8)?0x3:(__ramfunc_size <= 0x10)?0x4:(__ramfunc_size <= 0x20)?0x5:(__ramfunc_size <= 0x40)?0x6:(__ramfunc_size <= 0x80)?0x7:(__ramfunc_size <= 0x100)?0x8:(__ramfunc_size <= 0x200)?0x9:(__ramfunc_size <= 0x400)?0xa:(__ramfunc_size <= 0x800)?0xb:(__ramfunc_size <= 0x1000)?0xc:(__ramfunc_size <= 0x2000)?0xd:(__ramfunc_size <= 0x4000)?0xe:(__ramfunc_size <= 0x8000)?0xf:(__ramfunc_size <= 0x10000)?0x10:(__ramfunc_size <= 0x20000)?0x11:(__ramfunc_size <= 0x40000)?0x12:(__ramfunc_size <= 0x80000)?0x13:(__ramfunc_size <= 0x100000)?0x14:(__ramfunc_size <= 0x200000)?0x15:(__ramfunc_size <= 0x400000)?0x16:(__ramfunc_size <= 0x800000)?0x17:(__ramfunc_size <= 0x1000000)?0x18:(__ramfunc_size <= 0x2000000)?0x19:(__ramfunc_size <= 0x4000000)?0x1a:(__ramfunc_size <= 0x8000000)?0x1b:(__ramfunc_size <= 0x10000000)?0x1c:(__ramfunc_size <= 0x20000000)?0x1d:(__ramfunc_size <= 0x40000000)?0x1e:(__ramfunc_size <= 0x80000000)?0x1f:0x20))
                0x0000000020000000                __ramfunc_end = .
                0x0000000000000000                __ramfunc_size = (__ramfunc_end - __ramfunc_start)
                0x0000000000005798                __ramfunc_load_start = LOADADDR (.ramfunc)

datas           0x0000000020000000      0x150 load address 0x0000000000005798
                0x0000000020000000                __data_region_start = .
                0x0000000020000000                __data_start = .
 *(SORT_BY_ALIGNMENT(.data))
 *(SORT_BY_ALIGNMENT(.data.*))
 .data._char_out
                0x0000000020000000        0x4 zephyr/libzephyr.a(printk.c.obj)
                0x0000000020000000                _char_out
 .data.max_latency_ticks
                0x0000000020000004        0x4 zephyr/libzephyr.a(policy.c.obj)
 .data.asym_mutex
                0x0000000020000008        0x8 zephyr/libzephyr.a(nrf_cc3xx_platform_mutex_zephyr.c.obj)
 .data.power_mutex
                0x0000000020000010        0x8 zephyr/libzephyr.a(nrf_cc3xx_platform_mutex_zephyr.c.obj)
 .data.rng_mutex
                0x0000000020000018        0x8 zephyr/libzephyr.a(nrf_cc3xx_platform_mutex_zephyr.c.obj)
 .data.sym_mutex
                0x0000000020000020        0x8 zephyr/libzephyr.a(nrf_cc3xx_platform_mutex_zephyr.c.obj)
 .data._stdout_hook
                0x0000000020000028        0x4 zephyr/lib/libc/minimal/liblib__libc__minimal.a(stdout_console.c.obj)
 .data.uarte_0_data
                0x000000002000002c       0x1c zephyr/drivers/serial/libdrivers__serial.a(uart_nrfx_uarte.c.obj)
 .data.uarte_1_data
                0x0000000020000048       0x1c zephyr/drivers/serial/libdrivers__serial.a(uart_nrfx_uarte.c.obj)
 .data.SystemCoreClock
                0x0000000020000064        0x4 modules/hal_nordic/nrfx/libmodules__hal_nordic__nrfx.a(system_nrf52840.c.obj)
                0x0000000020000064                SystemCoreClock
 .data.m_cb     0x0000000020000068       0x7c modules/hal_nordic/nrfx/libmodules__hal_nordic__nrfx.a(nrfx_gpiote.c.obj)
 .data.m_channels_allocated
                0x00000000200000e4        0x4 modules/hal_nordic/nrfx/libmodules__hal_nordic__nrfx.a(nrfx_ppi.c.obj)
 .data.timeout_list
                0x00000000200000e8        0x8 zephyr/kernel/libkernel.a(timeout.c.obj)
 .data.platform_abort_apis
                0x00000000200000f0        0x8 C:/ncs/v2.1.0/nrfxlib/crypto/nrf_cc310_platform/lib/cortex-m4/soft-float/no-interrupts/libnrf_cc310_platform_0.9.15.a(nrf_cc3xx_platform_abort.c.obj)
                0x00000000200000f0                platform_abort_apis
 .data.asym_mutex
                0x00000000200000f8        0x8 C:/ncs/v2.1.0/nrfxlib/crypto/nrf_cc310_platform/lib/cortex-m4/soft-float/no-interrupts/libnrf_cc310_platform_0.9.15.a(nrf_cc3xx_platform_mutex.c.obj)
 .data.platform_mutex_apis
                0x0000000020000100       0x10 C:/ncs/v2.1.0/nrfxlib/crypto/nrf_cc310_platform/lib/cortex-m4/soft-float/no-interrupts/libnrf_cc310_platform_0.9.15.a(nrf_cc3xx_platform_mutex.c.obj)
                0x0000000020000100                platform_mutex_apis
 .data.platform_mutexes
                0x0000000020000110       0x14 C:/ncs/v2.1.0/nrfxlib/crypto/nrf_cc310_platform/lib/cortex-m4/soft-float/no-interrupts/libnrf_cc310_platform_0.9.15.a(nrf_cc3xx_platform_mutex.c.obj)
                0x0000000020000110                platform_mutexes
 .data.power_mutex
                0x0000000020000124        0x8 C:/ncs/v2.1.0/nrfxlib/crypto/nrf_cc310_platform/lib/cortex-m4/soft-float/no-interrupts/libnrf_cc310_platform_0.9.15.a(nrf_cc3xx_platform_mutex.c.obj)
 .data.rng_mutex
                0x000000002000012c        0x8 C:/ncs/v2.1.0/nrfxlib/crypto/nrf_cc310_platform/lib/cortex-m4/soft-float/no-interrupts/libnrf_cc310_platform_0.9.15.a(nrf_cc3xx_platform_mutex.c.obj)
 .data.sym_mutex
                0x0000000020000134        0x8 C:/ncs/v2.1.0/nrfxlib/crypto/nrf_cc310_platform/lib/cortex-m4/soft-float/no-interrupts/libnrf_cc310_platform_0.9.15.a(nrf_cc3xx_platform_mutex.c.obj)
 .data.CCAsymCryptoMutex
                0x000000002000013c        0x4 C:/ncs/v2.1.0/nrfxlib/crypto/nrf_cc310_platform/lib/cortex-m4/soft-float/no-interrupts/libnrf_cc310_platform_0.9.15.a(cc_pal.c.obj)
                0x000000002000013c                CCAsymCryptoMutex
 .data.CCPowerMutex
                0x0000000020000140        0x4 C:/ncs/v2.1.0/nrfxlib/crypto/nrf_cc310_platform/lib/cortex-m4/soft-float/no-interrupts/libnrf_cc310_platform_0.9.15.a(cc_pal.c.obj)
                0x0000000020000140                CCPowerMutex
 .data.CCRndCryptoMutex
                0x0000000020000144        0x4 C:/ncs/v2.1.0/nrfxlib/crypto/nrf_cc310_platform/lib/cortex-m4/soft-float/no-interrupts/libnrf_cc310_platform_0.9.15.a(cc_pal.c.obj)
                0x0000000020000144                CCRndCryptoMutex
 .data.CCSymCryptoMutex
                0x0000000020000148        0x4 C:/ncs/v2.1.0/nrfxlib/crypto/nrf_cc310_platform/lib/cortex-m4/soft-float/no-interrupts/libnrf_cc310_platform_0.9.15.a(cc_pal.c.obj)
                0x0000000020000148                CCSymCryptoMutex
 .data.pCCRndCryptoMutex
                0x000000002000014c        0x4 C:/ncs/v2.1.0/nrfxlib/crypto/nrf_cc310_platform/lib/cortex-m4/soft-float/no-interrupts/libnrf_cc310_platform_0.9.15.a(cc_pal.c.obj)
                0x000000002000014c                pCCRndCryptoMutex
 *(SORT_BY_ALIGNMENT(.kernel.*))
                0x0000000020000150                __data_end = .
                0x0000000000000150                __data_size = (__data_end - __data_start)
                0x0000000000005798                __data_load_start = LOADADDR (datas)
                0x0000000000005798                __data_region_load_start = LOADADDR (datas)

device_states   0x0000000020000150       0x14 load address 0x00000000000058e8
                0x0000000020000150                __device_states_start = .
 *(SORT_BY_ALIGNMENT(.z_devstate))
 .z_devstate    0x0000000020000150        0x4 zephyr/drivers/clock_control/libdrivers__clock_control.a(clock_control_nrf.c.obj)
 .z_devstate    0x0000000020000154        0x8 zephyr/drivers/gpio/libdrivers__gpio.a(gpio_nrfx.c.obj)
 .z_devstate    0x000000002000015c        0x8 zephyr/drivers/serial/libdrivers__serial.a(uart_nrfx_uarte.c.obj)
 *(SORT_BY_ALIGNMENT(.z_devstate.*))
                0x0000000020000164                __device_states_end = .

initshell       0x0000000020000164        0x0 load address 0x00000000000058fc
                0x0000000020000164                __shell_module_start = .
 *(SORT_BY_ALIGNMENT(.shell_module_*))
                0x0000000020000164                __shell_module_end = .
                0x0000000020000164                __shell_cmd_start = .
 *(SORT_BY_ALIGNMENT(.shell_cmd_*))
                0x0000000020000164                __shell_cmd_end = .

log_dynamic_sections
                0x0000000020000164        0x0 load address 0x00000000000058fc
                0x0000000020000164                __log_dynamic_start = .
 *(SORT_BY_NAME(SORT_BY_ALIGNMENT(.log_dynamic_*)))
                0x0000000020000164                __log_dynamic_end = .

_static_thread_data_area
                0x0000000020000164        0x0 load address 0x00000000000058fc
                0x0000000020000164                __static_thread_data_list_start = .
 *(SORT_BY_NAME(SORT_BY_ALIGNMENT(.__static_thread_data.static.*)))
                0x0000000020000164                __static_thread_data_list_end = .

k_timer_area    0x0000000020000164        0x0 load address 0x00000000000058fc
                0x0000000020000164                _k_timer_list_start = .
 *(SORT_BY_NAME(SORT_BY_ALIGNMENT(._k_timer.static.*)))
                0x0000000020000164                _k_timer_list_end = .

k_mem_slab_area
                0x0000000020000164        0x0 load address 0x00000000000058fc
                0x0000000020000164                _k_mem_slab_list_start = .
 *(SORT_BY_NAME(SORT_BY_ALIGNMENT(._k_mem_slab.static.*)))
                0x0000000020000164                _k_mem_slab_list_end = .

k_mem_pool_area
                0x0000000020000164        0x0 load address 0x00000000000058fc
                0x0000000020000164                _k_mem_pool_list_start = .
 *(SORT_BY_NAME(SORT_BY_ALIGNMENT(._k_mem_pool.static.*)))
                0x0000000020000164                _k_mem_pool_list_end = .

k_heap_area     0x0000000020000164        0x0 load address 0x00000000000058fc
                0x0000000020000164                _k_heap_list_start = .
 *(SORT_BY_NAME(SORT_BY_ALIGNMENT(._k_heap.static.*)))
                0x0000000020000164                _k_heap_list_end = .

k_mutex_area    0x0000000020000164       0x50 load address 0x00000000000058fc
                0x0000000020000164                _k_mutex_list_start = .
 *(SORT_BY_NAME(SORT_BY_ALIGNMENT(._k_mutex.static.*)))
 ._k_mutex.static.asym_mutex_int
                0x0000000020000164       0x14 zephyr/libzephyr.a(nrf_cc3xx_platform_mutex_zephyr.c.obj)
                0x0000000020000164                asym_mutex_int
 ._k_mutex.static.power_mutex_int
                0x0000000020000178       0x14 zephyr/libzephyr.a(nrf_cc3xx_platform_mutex_zephyr.c.obj)
                0x0000000020000178                power_mutex_int
 ._k_mutex.static.rng_mutex_int
                0x000000002000018c       0x14 zephyr/libzephyr.a(nrf_cc3xx_platform_mutex_zephyr.c.obj)
                0x000000002000018c                rng_mutex_int
 ._k_mutex.static.sym_mutex_int
                0x00000000200001a0       0x14 zephyr/libzephyr.a(nrf_cc3xx_platform_mutex_zephyr.c.obj)
                0x00000000200001a0                sym_mutex_int
                0x00000000200001b4                _k_mutex_list_end = .

k_stack_area    0x00000000200001b4        0x0 load address 0x000000000000594c
                0x00000000200001b4                _k_stack_list_start = .
 *(SORT_BY_NAME(SORT_BY_ALIGNMENT(._k_stack.static.*)))
                0x00000000200001b4                _k_stack_list_end = .

k_msgq_area     0x00000000200001b4        0x0 load address 0x000000000000594c
                0x00000000200001b4                _k_msgq_list_start = .
 *(SORT_BY_NAME(SORT_BY_ALIGNMENT(._k_msgq.static.*)))
                0x00000000200001b4                _k_msgq_list_end = .

k_mbox_area     0x00000000200001b4        0x0 load address 0x000000000000594c
                0x00000000200001b4                _k_mbox_list_start = .
 *(SORT_BY_NAME(SORT_BY_ALIGNMENT(._k_mbox.static.*)))
                0x00000000200001b4                _k_mbox_list_end = .

k_pipe_area     0x00000000200001b4        0x0 load address 0x000000000000594c
                0x00000000200001b4                _k_pipe_list_start = .
 *(SORT_BY_NAME(SORT_BY_ALIGNMENT(._k_pipe.static.*)))
                0x00000000200001b4                _k_pipe_list_end = .

k_sem_area      0x00000000200001b4        0x0 load address 0x000000000000594c
                0x00000000200001b4                _k_sem_list_start = .
 *(SORT_BY_NAME(SORT_BY_ALIGNMENT(._k_sem.static.*)))
                0x00000000200001b4                _k_sem_list_end = .

k_event_area    0x00000000200001b4        0x0 load address 0x000000000000594c
                0x00000000200001b4                _k_event_list_start = .
 *(SORT_BY_NAME(SORT_BY_ALIGNMENT(._k_event.static.*)))
                0x00000000200001b4                _k_event_list_end = .

k_queue_area    0x00000000200001b4        0x0 load address 0x000000000000594c
                0x00000000200001b4                _k_queue_list_start = .
 *(SORT_BY_NAME(SORT_BY_ALIGNMENT(._k_queue.static.*)))
                0x00000000200001b4                _k_queue_list_end = .

k_condvar_area  0x00000000200001b4        0x0 load address 0x000000000000594c
                0x00000000200001b4                _k_condvar_list_start = .
 *(SORT_BY_NAME(SORT_BY_ALIGNMENT(._k_condvar.static.*)))
                0x00000000200001b4                _k_condvar_list_end = .

_net_buf_pool_area
                0x00000000200001b4        0x0 load address 0x000000000000594c
                0x00000000200001b4                _net_buf_pool_list = .
 *(SORT_BY_NAME(SORT_BY_ALIGNMENT(._net_buf_pool.static.*)))
                0x00000000200001b4                __data_region_end = .

bss             0x00000000200001b8      0xdda
                0x00000000200001b8                . = ALIGN (0x4)
                0x00000000200001b8                __bss_start = .
                0x00000000200001b8                __kernel_ram_start = .
 *(SORT_BY_ALIGNMENT(.bss))
 *(SORT_BY_ALIGNMENT(.bss.*))
 .bss.anchor    0x00000000200001b8        0x8 zephyr/drivers/timer/libdrivers__timer.a(nrf_rtc_timer.c.obj)
 .bss.cc_data   0x00000000200001c0       0x10 zephyr/drivers/timer/libdrivers__timer.a(nrf_rtc_timer.c.obj)
 .bss.last_count
                0x00000000200001d0        0x8 zephyr/drivers/timer/libdrivers__timer.a(nrf_rtc_timer.c.obj)
 .bss.z_idle_threads
                0x00000000200001d8       0x80 zephyr/kernel/libkernel.a(init.c.obj)
                0x00000000200001d8                z_idle_threads
 .bss.z_main_thread
                0x0000000020000258       0x80 zephyr/kernel/libkernel.a(init.c.obj)
                0x0000000020000258                z_main_thread
 .bss.curr_tick
                0x00000000200002d8        0x8 zephyr/kernel/libkernel.a(timeout.c.obj)
 .bss.pm_notifiers
                0x00000000200002e0        0x8 zephyr/libzephyr.a(pm.c.obj)
 .bss.z_cpus_pm_forced_state
                0x00000000200002e8        0xc zephyr/libzephyr.a(pm.c.obj)
 .bss.z_cpus_pm_state
                0x00000000200002f4        0xc zephyr/libzephyr.a(pm.c.obj)
 .bss.z_post_ops_required
                0x0000000020000300        0x4 zephyr/libzephyr.a(pm.c.obj)
 .bss.mutex_slab
                0x0000000020000304       0x1c zephyr/libzephyr.a(nrf_cc3xx_platform_mutex_zephyr.c.obj)
                0x0000000020000304                mutex_slab
 .bss.mutex_slab_buffer
                0x0000000020000320      0x500 zephyr/libzephyr.a(nrf_cc3xx_platform_mutex_zephyr.c.obj)
                0x0000000020000320                mutex_slab_buffer
 .bss.dynamic_regions.0
                0x0000000020000820        0xc zephyr/arch/arch/arm/core/aarch32/mpu/libarch__arm__core__aarch32__mpu.a(arm_core_mpu.c.obj)
 .bss.cli.1     0x000000002000082c       0x10 zephyr/drivers/clock_control/libdrivers__clock_control.a(clock_control_nrf.c.obj)
 .bss.data      0x000000002000083c       0x50 zephyr/drivers/clock_control/libdrivers__clock_control.a(clock_control_nrf.c.obj)
 .bss.hfclk_users
                0x000000002000088c        0x4 zephyr/drivers/clock_control/libdrivers__clock_control.a(clock_control_nrf.c.obj)
 .bss.on.2      0x0000000020000890        0x4 zephyr/drivers/clock_control/libdrivers__clock_control.a(clock_control_nrf.c.obj)
 .bss.uart_console_dev
                0x0000000020000894        0x4 zephyr/drivers/console/libdrivers__console.a(uart_console.c.obj)
 .bss.gpio_nrfx_p0_data
                0x0000000020000898        0xc zephyr/drivers/gpio/libdrivers__gpio.a(gpio_nrfx.c.obj)
 .bss.gpio_nrfx_p1_data
                0x00000000200008a4        0xc zephyr/drivers/gpio/libdrivers__gpio.a(gpio_nrfx.c.obj)
 .bss.force_isr_mask
                0x00000000200008b0        0x4 zephyr/drivers/timer/libdrivers__timer.a(nrf_rtc_timer.c.obj)
 .bss.int_mask  0x00000000200008b4        0x4 zephyr/drivers/timer/libdrivers__timer.a(nrf_rtc_timer.c.obj)
 .bss.overflow_cnt
                0x00000000200008b8        0x4 zephyr/drivers/timer/libdrivers__timer.a(nrf_rtc_timer.c.obj)
 .bss.m_clock_cb
                0x00000000200008bc        0x8 modules/hal_nordic/nrfx/libmodules__hal_nordic__nrfx.a(nrfx_clock.c.obj)
 .bss._SEGGER_RTT
                0x00000000200008c4       0xa8 modules/segger/libmodules__segger.a(SEGGER_RTT.c.obj)
                0x00000000200008c4                _SEGGER_RTT
 .bss._kernel   0x000000002000096c       0x28 zephyr/kernel/libkernel.a(init.c.obj)
                0x000000002000096c                _kernel
 .bss.pending_current
                0x0000000020000994        0x4 zephyr/kernel/libkernel.a(sched.c.obj)
 .bss.slice_max_prio
                0x0000000020000998        0x4 zephyr/kernel/libkernel.a(sched.c.obj)
 .bss.slice_ticks
                0x000000002000099c        0x4 zephyr/kernel/libkernel.a(sched.c.obj)
 .bss.announce_remaining
                0x00000000200009a0        0x4 zephyr/kernel/libkernel.a(timeout.c.obj)
 .bss.nrf_cc3xx_platform_initialized
                0x00000000200009a4        0x4 C:/ncs/v2.1.0/nrfxlib/crypto/nrf_cc310_platform/lib/cortex-m4/soft-float/no-interrupts/libnrf_cc310_platform_0.9.15.a(nrf_cc3xx_platform.c.obj)
 .bss.asym_mutex_int
                0x00000000200009a8        0x4 C:/ncs/v2.1.0/nrfxlib/crypto/nrf_cc310_platform/lib/cortex-m4/soft-float/no-interrupts/libnrf_cc310_platform_0.9.15.a(nrf_cc3xx_platform_mutex.c.obj)
 .bss.power_mutex_int
                0x00000000200009ac        0x4 C:/ncs/v2.1.0/nrfxlib/crypto/nrf_cc310_platform/lib/cortex-m4/soft-float/no-interrupts/libnrf_cc310_platform_0.9.15.a(nrf_cc3xx_platform_mutex.c.obj)
 .bss.rng_mutex_int
                0x00000000200009b0        0x4 C:/ncs/v2.1.0/nrfxlib/crypto/nrf_cc310_platform/lib/cortex-m4/soft-float/no-interrupts/libnrf_cc310_platform_0.9.15.a(nrf_cc3xx_platform_mutex.c.obj)
 .bss.sym_mutex_int
                0x00000000200009b4        0x4 C:/ncs/v2.1.0/nrfxlib/crypto/nrf_cc310_platform/lib/cortex-m4/soft-float/no-interrupts/libnrf_cc310_platform_0.9.15.a(nrf_cc3xx_platform_mutex.c.obj)
 .bss.use_count
                0x00000000200009b8        0x4 C:/ncs/v2.1.0/nrfxlib/crypto/nrf_cc310_platform/lib/cortex-m4/soft-float/no-interrupts/libnrf_cc310_platform_0.9.15.a(cc_pal_pm.c.obj)
 .bss.nrf_cc3xx_platform_ctr_drbg_global_ctx
                0x00000000200009bc      0x1c0 C:/ncs/v2.1.0/nrfxlib/crypto/nrf_cc310_platform/lib/cortex-m4/soft-float/no-interrupts/libnrf_cc310_platform_0.9.15.a(nrf_cc3xx_platform_ctr_drbg.c.obj)
                0x00000000200009bc                nrf_cc3xx_platform_ctr_drbg_global_ctx
 .bss.static_regions_num
                0x0000000020000b7c        0x1 zephyr/arch/arch/arm/core/aarch32/mpu/libarch__arm__core__aarch32__mpu.a(arm_mpu.c.obj)
 .bss.uarte0_char_out
                0x0000000020000b7d        0x1 zephyr/drivers/serial/libdrivers__serial.a(uart_nrfx_uarte.c.obj)
 .bss.uarte0_rx_data
                0x0000000020000b7e        0x1 zephyr/drivers/serial/libdrivers__serial.a(uart_nrfx_uarte.c.obj)
 .bss.uarte1_char_out
                0x0000000020000b7f        0x1 zephyr/drivers/serial/libdrivers__serial.a(uart_nrfx_uarte.c.obj)
 .bss.uarte1_rx_data
                0x0000000020000b80        0x1 zephyr/drivers/serial/libdrivers__serial.a(uart_nrfx_uarte.c.obj)